Component: Arm Compiler for Embedded 6.22 Tool: armlink [5ee90200]

==============================================================================

Section Cross References

    main.o(.text.PMOD_BTN_Handler) refers to main.o(.bss.last_press_time) for last_press_time
    main.o(.text.PMOD_BTN_Handler) refers to morsedecoder.o(.text.MorseDecoder_AddSymbol) for MorseDecoder_AddSymbol
    main.o(.text.PMOD_BTN_Handler) refers to morsedecoder.o(.text.MorseDecoder_Decode) for MorseDecoder_Decode
    main.o(.text.PMOD_BTN_Handler) refers to edubase_lcd.o(.text.EduBase_LCD_Send_Data) for EduBase_LCD_Send_Data
    main.o(.text.PMOD_BTN_Handler) refers to edubase_lcd.o(.text.EduBase_LCD_Clear_Display) for EduBase_LCD_Clear_Display
    main.o(.ARM.exidx.text.PMOD_BTN_Handler) refers to main.o(.text.PMOD_BTN_Handler) for [Anonymous Symbol]
    main.o(.text.main) refers to systick_delay.o(.text.SysTick_Delay_Init) for SysTick_Delay_Init
    main.o(.text.main) refers to edubase_lcd.o(.text.EduBase_LCD_Init) for EduBase_LCD_Init
    main.o(.text.main) refers to main.o(.text.PMOD_BTN_Handler) for PMOD_BTN_Handler
    main.o(.text.main) refers to pmod_btn_interrupt.o(.text.PMOD_BTN_Interrupt_Init) for PMOD_BTN_Interrupt_Init
    main.o(.text.main) refers to main.o(.rodata.str1.1) for .L.str
    main.o(.text.main) refers to edubase_lcd.o(.text.EduBase_LCD_Display_String) for EduBase_LCD_Display_String
    main.o(.text.main) refers to edubase_lcd.o(.text.EduBase_LCD_Clear_Display) for EduBase_LCD_Clear_Display
    main.o(.ARM.exidx.text.main) refers to main.o(.text.main) for [Anonymous Symbol]
    systick_delay.o(.ARM.exidx.text.SysTick_Delay_Init) refers to systick_delay.o(.text.SysTick_Delay_Init) for [Anonymous Symbol]
    systick_delay.o(.text.SysTick_Delay1us) refers to systick_delay.o(.bss.us_elapsed) for us_elapsed
    systick_delay.o(.ARM.exidx.text.SysTick_Delay1us) refers to systick_delay.o(.text.SysTick_Delay1us) for [Anonymous Symbol]
    systick_delay.o(.text.SysTick_Delay1ms) refers to systick_delay.o(.bss.us_elapsed) for us_elapsed
    systick_delay.o(.text.SysTick_Delay1ms) refers to systick_delay.o(.bss.ms_elapsed) for ms_elapsed
    systick_delay.o(.text.SysTick_Delay1ms) refers to systick_delay.o(.bss.ms_active) for ms_active
    systick_delay.o(.ARM.exidx.text.SysTick_Delay1ms) refers to systick_delay.o(.text.SysTick_Delay1ms) for [Anonymous Symbol]
    systick_delay.o(.text.SysTick_Handler) refers to systick_delay.o(.bss.us_elapsed) for us_elapsed
    systick_delay.o(.text.SysTick_Handler) refers to systick_delay.o(.bss.ms_active) for ms_active
    systick_delay.o(.text.SysTick_Handler) refers to systick_delay.o(.bss.ms_elapsed) for ms_elapsed
    systick_delay.o(.ARM.exidx.text.SysTick_Handler) refers to systick_delay.o(.text.SysTick_Handler) for [Anonymous Symbol]
    buzzer.o(.ARM.exidx.text.Buzzer_Init) refers to buzzer.o(.text.Buzzer_Init) for [Anonymous Symbol]
    buzzer.o(.ARM.exidx.text.Buzzer_Output) refers to buzzer.o(.text.Buzzer_Output) for [Anonymous Symbol]
    buzzer.o(.text.Play_Note) refers to ddiv.o(x$fpl$ddiv) for __aeabi_ddiv
    buzzer.o(.text.Play_Note) refers to dmul.o(x$fpl$dmul) for __aeabi_dmul
    buzzer.o(.text.Play_Note) refers to dfix.o(x$fpl$dfix) for __aeabi_d2iz
    buzzer.o(.text.Play_Note) refers to buzzer.o(.text.Buzzer_Output) for Buzzer_Output
    buzzer.o(.text.Play_Note) refers to systick_delay.o(.text.SysTick_Delay1us) for SysTick_Delay1us
    buzzer.o(.ARM.exidx.text.Play_Note) refers to buzzer.o(.text.Play_Note) for [Anonymous Symbol]
    timer_0a_interrupt.o(.text.Timer_0A_Interrupt_Init) refers to timer_0a_interrupt.o(.bss.Timer_0A_Task) for Timer_0A_Task
    timer_0a_interrupt.o(.ARM.exidx.text.Timer_0A_Interrupt_Init) refers to timer_0a_interrupt.o(.text.Timer_0A_Interrupt_Init) for [Anonymous Symbol]
    timer_0a_interrupt.o(.text.TIMER0A_Handler) refers to timer_0a_interrupt.o(.bss.Timer_0A_Task) for Timer_0A_Task
    timer_0a_interrupt.o(.ARM.exidx.text.TIMER0A_Handler) refers to timer_0a_interrupt.o(.text.TIMER0A_Handler) for [Anonymous Symbol]
    seven_segment_display.o(.ARM.exidx.text.Seven_Segment_Display_Init) refers to seven_segment_display.o(.text.Seven_Segment_Display_Init) for [Anonymous Symbol]
    seven_segment_display.o(.ARM.exidx.text.SSI2_Write) refers to seven_segment_display.o(.text.SSI2_Write) for [Anonymous Symbol]
    seven_segment_display.o(.ARM.exidx.text.Count_Digits) refers to seven_segment_display.o(.text.Count_Digits) for [Anonymous Symbol]
    seven_segment_display.o(.text.Seven_Segment_Display) refers to seven_segment_display.o(.rodata.number_pattern) for number_pattern
    seven_segment_display.o(.text.Seven_Segment_Display) refers to seven_segment_display.o(.text.SSI2_Write) for SSI2_Write
    seven_segment_display.o(.text.Seven_Segment_Display) refers to seven_segment_display.o(.text.Count_Digits) for Count_Digits
    seven_segment_display.o(.text.Seven_Segment_Display) refers to systick_delay.o(.text.SysTick_Delay1ms) for SysTick_Delay1ms
    seven_segment_display.o(.ARM.exidx.text.Seven_Segment_Display) refers to seven_segment_display.o(.text.Seven_Segment_Display) for [Anonymous Symbol]
    seven_segment_display.o(.text.Seven_Segment_Display_Stopwatch) refers to seven_segment_display.o(.rodata.number_pattern) for number_pattern
    seven_segment_display.o(.text.Seven_Segment_Display_Stopwatch) refers to seven_segment_display.o(.text.SSI2_Write) for SSI2_Write
    seven_segment_display.o(.text.Seven_Segment_Display_Stopwatch) refers to systick_delay.o(.text.SysTick_Delay1ms) for SysTick_Delay1ms
    seven_segment_display.o(.ARM.exidx.text.Seven_Segment_Display_Stopwatch) refers to seven_segment_display.o(.text.Seven_Segment_Display_Stopwatch) for [Anonymous Symbol]
    pmod_btn_interrupt.o(.text.PMOD_BTN_Interrupt_Init) refers to pmod_btn_interrupt.o(.bss.PMOD_BTN_Task) for PMOD_BTN_Task
    pmod_btn_interrupt.o(.ARM.exidx.text.PMOD_BTN_Interrupt_Init) refers to pmod_btn_interrupt.o(.text.PMOD_BTN_Interrupt_Init) for [Anonymous Symbol]
    pmod_btn_interrupt.o(.ARM.exidx.text.PMOD_BTN_Read) refers to pmod_btn_interrupt.o(.text.PMOD_BTN_Read) for [Anonymous Symbol]
    pmod_btn_interrupt.o(.text.GPIOA_Handler) refers to pmod_btn_interrupt.o(.bss.PMOD_BTN_Task) for PMOD_BTN_Task
    pmod_btn_interrupt.o(.text.GPIOA_Handler) refers to pmod_btn_interrupt.o(.text.PMOD_BTN_Read) for PMOD_BTN_Read
    pmod_btn_interrupt.o(.ARM.exidx.text.GPIOA_Handler) refers to pmod_btn_interrupt.o(.text.GPIOA_Handler) for [Anonymous Symbol]
    pwm_clock.o(.ARM.exidx.text.PWM_Clock_Init) refers to pwm_clock.o(.text.PWM_Clock_Init) for [Anonymous Symbol]
    pwm0_0.o(.ARM.exidx.text.PWM0_0_Init) refers to pwm0_0.o(.text.PWM0_0_Init) for [Anonymous Symbol]
    pwm0_0.o(.ARM.exidx.text.PWM0_0_Update_Duty_Cycle) refers to pwm0_0.o(.text.PWM0_0_Update_Duty_Cycle) for [Anonymous Symbol]
    pwm1_3.o(.ARM.exidx.text.PWM1_3_Init) refers to pwm1_3.o(.text.PWM1_3_Init) for [Anonymous Symbol]
    pwm1_3.o(.ARM.exidx.text.PWM1_3_Update_Duty_Cycle) refers to pwm1_3.o(.text.PWM1_3_Update_Duty_Cycle) for [Anonymous Symbol]
    stepper_motor.o(.ARM.exidx.text.Stepper_Motor_Init) refers to stepper_motor.o(.text.Stepper_Motor_Init) for [Anonymous Symbol]
    edubase_lcd.o(.ARM.exidx.text.EduBase_LCD_Ports_Init) refers to edubase_lcd.o(.text.EduBase_LCD_Ports_Init) for [Anonymous Symbol]
    edubase_lcd.o(.text.EduBase_LCD_Pulse_Enable) refers to systick_delay.o(.text.SysTick_Delay1us) for SysTick_Delay1us
    edubase_lcd.o(.ARM.exidx.text.EduBase_LCD_Pulse_Enable) refers to edubase_lcd.o(.text.EduBase_LCD_Pulse_Enable) for [Anonymous Symbol]
    edubase_lcd.o(.text.EduBase_LCD_Write_4_Bits) refers to edubase_lcd.o(.text.EduBase_LCD_Pulse_Enable) for EduBase_LCD_Pulse_Enable
    edubase_lcd.o(.text.EduBase_LCD_Write_4_Bits) refers to systick_delay.o(.text.SysTick_Delay1us) for SysTick_Delay1us
    edubase_lcd.o(.ARM.exidx.text.EduBase_LCD_Write_4_Bits) refers to edubase_lcd.o(.text.EduBase_LCD_Write_4_Bits) for [Anonymous Symbol]
    edubase_lcd.o(.text.EduBase_LCD_Send_Command) refers to edubase_lcd.o(.text.EduBase_LCD_Write_4_Bits) for EduBase_LCD_Write_4_Bits
    edubase_lcd.o(.text.EduBase_LCD_Send_Command) refers to systick_delay.o(.text.SysTick_Delay1us) for SysTick_Delay1us
    edubase_lcd.o(.ARM.exidx.text.EduBase_LCD_Send_Command) refers to edubase_lcd.o(.text.EduBase_LCD_Send_Command) for [Anonymous Symbol]
    edubase_lcd.o(.text.EduBase_LCD_Send_Data) refers to edubase_lcd.o(.text.EduBase_LCD_Write_4_Bits) for EduBase_LCD_Write_4_Bits
    edubase_lcd.o(.ARM.exidx.text.EduBase_LCD_Send_Data) refers to edubase_lcd.o(.text.EduBase_LCD_Send_Data) for [Anonymous Symbol]
    edubase_lcd.o(.text.EduBase_LCD_Init) refers to edubase_lcd.o(.text.EduBase_LCD_Ports_Init) for EduBase_LCD_Ports_Init
    edubase_lcd.o(.text.EduBase_LCD_Init) refers to systick_delay.o(.text.SysTick_Delay1us) for SysTick_Delay1us
    edubase_lcd.o(.text.EduBase_LCD_Init) refers to edubase_lcd.o(.text.EduBase_LCD_Write_4_Bits) for EduBase_LCD_Write_4_Bits
    edubase_lcd.o(.text.EduBase_LCD_Init) refers to edubase_lcd.o(.text.EduBase_LCD_Send_Command) for EduBase_LCD_Send_Command
    edubase_lcd.o(.text.EduBase_LCD_Init) refers to edubase_lcd.o(.text.EduBase_LCD_Enable_Display) for EduBase_LCD_Enable_Display
    edubase_lcd.o(.text.EduBase_LCD_Init) refers to edubase_lcd.o(.text.EduBase_LCD_Clear_Display) for EduBase_LCD_Clear_Display
    edubase_lcd.o(.ARM.exidx.text.EduBase_LCD_Init) refers to edubase_lcd.o(.text.EduBase_LCD_Init) for [Anonymous Symbol]
    edubase_lcd.o(.text.EduBase_LCD_Enable_Display) refers to edubase_lcd.o(.bss.display_control) for display_control
    edubase_lcd.o(.text.EduBase_LCD_Enable_Display) refers to edubase_lcd.o(.text.EduBase_LCD_Send_Command) for EduBase_LCD_Send_Command
    edubase_lcd.o(.ARM.exidx.text.EduBase_LCD_Enable_Display) refers to edubase_lcd.o(.text.EduBase_LCD_Enable_Display) for [Anonymous Symbol]
    edubase_lcd.o(.text.EduBase_LCD_Clear_Display) refers to edubase_lcd.o(.text.EduBase_LCD_Send_Command) for EduBase_LCD_Send_Command
    edubase_lcd.o(.ARM.exidx.text.EduBase_LCD_Clear_Display) refers to edubase_lcd.o(.text.EduBase_LCD_Clear_Display) for [Anonymous Symbol]
    edubase_lcd.o(.text.EduBase_LCD_Disable_Display) refers to edubase_lcd.o(.bss.display_control) for display_control
    edubase_lcd.o(.text.EduBase_LCD_Disable_Display) refers to edubase_lcd.o(.text.EduBase_LCD_Send_Command) for EduBase_LCD_Send_Command
    edubase_lcd.o(.ARM.exidx.text.EduBase_LCD_Disable_Display) refers to edubase_lcd.o(.text.EduBase_LCD_Disable_Display) for [Anonymous Symbol]
    edubase_lcd.o(.text.EduBase_LCD_Display_String) refers to strlen.o(.text) for strlen
    edubase_lcd.o(.text.EduBase_LCD_Display_String) refers to edubase_lcd.o(.text.EduBase_LCD_Send_Data) for EduBase_LCD_Send_Data
    edubase_lcd.o(.ARM.exidx.text.EduBase_LCD_Display_String) refers to edubase_lcd.o(.text.EduBase_LCD_Display_String) for [Anonymous Symbol]
    morsedecoder.o(.text.MorseDecoder_Decode) refers to morsedecoder.o(.bss.morse_index) for morse_index
    morsedecoder.o(.text.MorseDecoder_Decode) refers to morsedecoder.o(.bss.morse_input) for morse_input
    morsedecoder.o(.text.MorseDecoder_Decode) refers to morsedecoder.o(.data.morse_table) for morse_table
    morsedecoder.o(.text.MorseDecoder_Decode) refers to strcmpv7em.o(.text) for strcmp
    morsedecoder.o(.text.MorseDecoder_Decode) refers to morsedecoder.o(.rodata.char_table) for char_table
    morsedecoder.o(.ARM.exidx.text.MorseDecoder_Decode) refers to morsedecoder.o(.text.MorseDecoder_Decode) for [Anonymous Symbol]
    morsedecoder.o(.text.MorseDecoder_AddSymbol) refers to morsedecoder.o(.bss.morse_index) for morse_index
    morsedecoder.o(.text.MorseDecoder_AddSymbol) refers to morsedecoder.o(.bss.morse_input) for morse_input
    morsedecoder.o(.ARM.exidx.text.MorseDecoder_AddSymbol) refers to morsedecoder.o(.text.MorseDecoder_AddSymbol) for [Anonymous Symbol]
    morsedecoder.o(.text.MorseDecoder_Clear) refers to morsedecoder.o(.bss.morse_index) for morse_index
    morsedecoder.o(.text.MorseDecoder_Clear) refers to morsedecoder.o(.bss.morse_input) for morse_input
    morsedecoder.o(.ARM.exidx.text.MorseDecoder_Clear) refers to morsedecoder.o(.text.MorseDecoder_Clear) for [Anonymous Symbol]
    morsedecoder.o(.data.morse_table) refers to morsedecoder.o(.rodata.str1.1) for [Anonymous Symbol]
    startup_tm4c123.o(STACK) refers (Special) to heapauxi.o(.text) for __use_two_region_memory
    startup_tm4c123.o(HEAP) refers (Special) to heapauxi.o(.text) for __use_two_region_memory
    startup_tm4c123.o(RESET) refers (Special) to heapauxi.o(.text) for __use_two_region_memory
    startup_tm4c123.o(RESET) refers to startup_tm4c123.o(STACK) for __initial_sp
    startup_tm4c123.o(RESET) refers to startup_tm4c123.o(.text) for Reset_Handler
    startup_tm4c123.o(RESET) refers to systick_delay.o(.text.SysTick_Handler) for SysTick_Handler
    startup_tm4c123.o(RESET) refers to pmod_btn_interrupt.o(.text.GPIOA_Handler) for GPIOA_Handler
    startup_tm4c123.o(RESET) refers to timer_0a_interrupt.o(.text.TIMER0A_Handler) for TIMER0A_Handler
    startup_tm4c123.o(.text) refers (Special) to heapauxi.o(.text) for __use_two_region_memory
    startup_tm4c123.o(.text) refers to system_tm4c123.o(.text.SystemInit) for SystemInit
    startup_tm4c123.o(.text) refers to __main.o(!!!main) for __main
    startup_tm4c123.o(.text) refers to startup_tm4c123.o(HEAP) for Heap_Mem
    startup_tm4c123.o(.text) refers to startup_tm4c123.o(STACK) for Stack_Mem
    system_tm4c123.o(.text.SystemCoreClockUpdate) refers to system_tm4c123.o(.text.getOscClk) for getOscClk
    system_tm4c123.o(.text.SystemCoreClockUpdate) refers to system_tm4c123.o(.data.SystemCoreClock) for SystemCoreClock
    system_tm4c123.o(.ARM.exidx.text.SystemCoreClockUpdate) refers to system_tm4c123.o(.text.SystemCoreClockUpdate) for [Anonymous Symbol]
    system_tm4c123.o(.ARM.exidx.text.getOscClk) refers to system_tm4c123.o(.text.getOscClk) for [Anonymous Symbol]
    system_tm4c123.o(.ARM.exidx.text.SystemInit) refers to system_tm4c123.o(.text.SystemInit) for [Anonymous Symbol]
    __main.o(!!!main) refers to __rtentry.o(.ARM.Collect$$rtentry$$00000000) for __rt_entry
    ddiv.o(x$fpl$drdiv) refers (Special) to usenofp.o(x$fpl$usenofp) for __I$use$fp
    ddiv.o(x$fpl$drdiv) refers to ddiv.o(x$fpl$ddiv) for ddiv_entry
    ddiv.o(x$fpl$ddiv) refers (Special) to usenofp.o(x$fpl$usenofp) for __I$use$fp
    ddiv.o(x$fpl$ddiv) refers to dretinf.o(x$fpl$dretinf) for __fpl_dretinf
    ddiv.o(x$fpl$ddiv) refers to dnaninf.o(x$fpl$dnaninf) for __fpl_dnaninf
    dfix.o(x$fpl$dfix) refers (Special) to usenofp.o(x$fpl$usenofp) for __I$use$fp
    dfix.o(x$fpl$dfix) refers to dnaninf.o(x$fpl$dnaninf) for __fpl_dnaninf
    dfix.o(x$fpl$dfixr) refers (Special) to usenofp.o(x$fpl$usenofp) for __I$use$fp
    dfix.o(x$fpl$dfixr) refers to dnaninf.o(x$fpl$dnaninf) for __fpl_dnaninf
    dmul.o(x$fpl$dmul) refers (Special) to usenofp.o(x$fpl$usenofp) for __I$use$fp
    dmul.o(x$fpl$dmul) refers to dretinf.o(x$fpl$dretinf) for __fpl_dretinf
    dmul.o(x$fpl$dmul) refers to dnaninf.o(x$fpl$dnaninf) for __fpl_dnaninf
    __rtentry.o(.ARM.Collect$$rtentry$$00000000) refers (Special) to __rtentry2.o(.ARM.Collect$$rtentry$$0000000A) for __rt_entry_li
    __rtentry.o(.ARM.Collect$$rtentry$$00000000) refers (Special) to __rtentry2.o(.ARM.Collect$$rtentry$$0000000D) for __rt_entry_main
    __rtentry.o(.ARM.Collect$$rtentry$$00000000) refers (Special) to __rtentry2.o(.ARM.Collect$$rtentry$$0000000C) for __rt_entry_postli_1
    __rtentry.o(.ARM.Collect$$rtentry$$00000000) refers (Special) to __rtentry2.o(.ARM.Collect$$rtentry$$00000009) for __rt_entry_postsh_1
    __rtentry.o(.ARM.Collect$$rtentry$$00000000) refers (Special) to __rtentry2.o(.ARM.Collect$$rtentry$$00000002) for __rt_entry_presh_1
    __rtentry.o(.ARM.Collect$$rtentry$$00000000) refers (Special) to __rtentry4.o(.ARM.Collect$$rtentry$$00000004) for __rt_entry_sh
    dnaninf.o(x$fpl$dnaninf) refers (Special) to usenofp.o(x$fpl$usenofp) for __I$use$fp
    dretinf.o(x$fpl$dretinf) refers (Special) to usenofp.o(x$fpl$usenofp) for __I$use$fp
    __rtentry2.o(.ARM.Collect$$rtentry$$00000008) refers to boardinit2.o(.text) for _platform_post_stackheap_init
    __rtentry2.o(.ARM.Collect$$rtentry$$0000000A) refers to libinit.o(.ARM.Collect$$libinit$$00000000) for __rt_lib_init
    __rtentry2.o(.ARM.Collect$$rtentry$$0000000B) refers to boardinit3.o(.text) for _platform_post_lib_init
    __rtentry2.o(.ARM.Collect$$rtentry$$0000000D) refers to main.o(.text.main) for main
    __rtentry2.o(.ARM.Collect$$rtentry$$0000000D) refers to exit.o(.text) for exit
    __rtentry2.o(.ARM.exidx) refers to __rtentry2.o(.ARM.Collect$$rtentry$$00000001) for .ARM.Collect$$rtentry$$00000001
    __rtentry2.o(.ARM.exidx) refers to __rtentry2.o(.ARM.Collect$$rtentry$$00000008) for .ARM.Collect$$rtentry$$00000008
    __rtentry2.o(.ARM.exidx) refers to __rtentry2.o(.ARM.Collect$$rtentry$$0000000A) for .ARM.Collect$$rtentry$$0000000A
    __rtentry2.o(.ARM.exidx) refers to __rtentry2.o(.ARM.Collect$$rtentry$$0000000B) for .ARM.Collect$$rtentry$$0000000B
    __rtentry2.o(.ARM.exidx) refers to __rtentry2.o(.ARM.Collect$$rtentry$$0000000D) for .ARM.Collect$$rtentry$$0000000D
    __rtentry4.o(.ARM.Collect$$rtentry$$00000004) refers to sys_stackheap_outer.o(.text) for __user_setup_stackheap
    __rtentry4.o(.ARM.exidx) refers to __rtentry4.o(.ARM.Collect$$rtentry$$00000004) for .ARM.Collect$$rtentry$$00000004
    sys_stackheap_outer.o(.text) refers to libspace.o(.text) for __user_perproc_libspace
    sys_stackheap_outer.o(.text) refers to startup_tm4c123.o(.text) for __user_initial_stackheap
    exit.o(.text) refers to rtexit.o(.ARM.Collect$$rtexit$$00000000) for __rt_exit
    libinit.o(.ARM.Collect$$libinit$$00000000) refers (Special) to libinit2.o(.ARM.Collect$$libinit$$00000030) for __rt_lib_init_alloca_1
    libinit.o(.ARM.Collect$$libinit$$00000000) refers (Special) to libinit2.o(.ARM.Collect$$libinit$$0000002E) for __rt_lib_init_argv_1
    libinit.o(.ARM.Collect$$libinit$$00000000) refers (Special) to libinit2.o(.ARM.Collect$$libinit$$0000001D) for __rt_lib_init_atexit_1
    libinit.o(.ARM.Collect$$libinit$$00000000) refers (Special) to libinit2.o(.ARM.Collect$$libinit$$00000023) for __rt_lib_init_clock_1
    libinit.o(.ARM.Collect$$libinit$$00000000) refers (Special) to libinit2.o(.ARM.Collect$$libinit$$00000034) for __rt_lib_init_cpp_1
    libinit.o(.ARM.Collect$$libinit$$00000000) refers (Special) to libinit2.o(.ARM.Collect$$libinit$$00000032) for __rt_lib_init_exceptions_1
    libinit.o(.ARM.Collect$$libinit$$00000000) refers (Special) to libinit2.o(.ARM.Collect$$libinit$$00000001) for __rt_lib_init_fp_1
    libinit.o(.ARM.Collect$$libinit$$00000000) refers (Special) to libinit2.o(.ARM.Collect$$libinit$$00000021) for __rt_lib_init_fp_trap_1
    libinit.o(.ARM.Collect$$libinit$$00000000) refers (Special) to libinit2.o(.ARM.Collect$$libinit$$00000025) for __rt_lib_init_getenv_1
    libinit.o(.ARM.Collect$$libinit$$00000000) refers (Special) to libinit2.o(.ARM.Collect$$libinit$$0000000C) for __rt_lib_init_heap_1
    libinit.o(.ARM.Collect$$libinit$$00000000) refers (Special) to libinit2.o(.ARM.Collect$$libinit$$00000013) for __rt_lib_init_lc_collate_1
    libinit.o(.ARM.Collect$$libinit$$00000000) refers (Special) to libinit2.o(.ARM.Collect$$libinit$$00000015) for __rt_lib_init_lc_ctype_1
    libinit.o(.ARM.Collect$$libinit$$00000000) refers (Special) to libinit2.o(.ARM.Collect$$libinit$$00000017) for __rt_lib_init_lc_monetary_1
    libinit.o(.ARM.Collect$$libinit$$00000000) refers (Special) to libinit2.o(.ARM.Collect$$libinit$$00000019) for __rt_lib_init_lc_numeric_1
    libinit.o(.ARM.Collect$$libinit$$00000000) refers (Special) to libinit2.o(.ARM.Collect$$libinit$$0000001B) for __rt_lib_init_lc_time_1
    libinit.o(.ARM.Collect$$libinit$$00000000) refers (Special) to libinit2.o(.ARM.Collect$$libinit$$00000006) for __rt_lib_init_preinit_1
    libinit.o(.ARM.Collect$$libinit$$00000000) refers (Special) to libinit2.o(.ARM.Collect$$libinit$$00000010) for __rt_lib_init_rand_1
    libinit.o(.ARM.Collect$$libinit$$00000000) refers (Special) to libinit2.o(.ARM.Collect$$libinit$$00000004) for __rt_lib_init_relocate_pie_1
    libinit.o(.ARM.Collect$$libinit$$00000000) refers (Special) to libinit2.o(.ARM.Collect$$libinit$$00000035) for __rt_lib_init_return
    libinit.o(.ARM.Collect$$libinit$$00000000) refers (Special) to libinit2.o(.ARM.Collect$$libinit$$0000001F) for __rt_lib_init_signal_1
    libinit.o(.ARM.Collect$$libinit$$00000000) refers (Special) to libinit2.o(.ARM.Collect$$libinit$$00000027) for __rt_lib_init_stdio_1
    libinit.o(.ARM.Collect$$libinit$$00000000) refers (Special) to libinit2.o(.ARM.Collect$$libinit$$0000000E) for __rt_lib_init_user_alloc_1
    libspace.o(.text) refers to libspace.o(.bss) for __libspace_start
    rtexit.o(.ARM.Collect$$rtexit$$00000000) refers (Special) to rtexit2.o(.ARM.Collect$$rtexit$$00000004) for __rt_exit_exit
    rtexit.o(.ARM.Collect$$rtexit$$00000000) refers (Special) to rtexit2.o(.ARM.Collect$$rtexit$$00000003) for __rt_exit_ls
    rtexit.o(.ARM.Collect$$rtexit$$00000000) refers (Special) to rtexit2.o(.ARM.Collect$$rtexit$$00000002) for __rt_exit_prels_1
    rtexit.o(.ARM.exidx) refers (Special) to rtexit2.o(.ARM.Collect$$rtexit$$00000004) for __rt_exit_exit
    rtexit.o(.ARM.exidx) refers (Special) to rtexit2.o(.ARM.Collect$$rtexit$$00000003) for __rt_exit_ls
    rtexit.o(.ARM.exidx) refers (Special) to rtexit2.o(.ARM.Collect$$rtexit$$00000002) for __rt_exit_prels_1
    rtexit.o(.ARM.exidx) refers to rtexit.o(.ARM.Collect$$rtexit$$00000000) for .ARM.Collect$$rtexit$$00000000
    libinit2.o(.ARM.Collect$$libinit$$00000001) refers to fpinit.o(x$fpl$fpinit) for _fp_init
    libinit2.o(.ARM.Collect$$libinit$$00000012) refers to libinit2.o(.ARM.Collect$$libinit$$00000011) for .ARM.Collect$$libinit$$00000011
    libinit2.o(.ARM.Collect$$libinit$$00000014) refers to libinit2.o(.ARM.Collect$$libinit$$00000011) for .ARM.Collect$$libinit$$00000011
    libinit2.o(.ARM.Collect$$libinit$$00000016) refers to libinit2.o(.ARM.Collect$$libinit$$00000011) for .ARM.Collect$$libinit$$00000011
    libinit2.o(.ARM.Collect$$libinit$$00000018) refers to libinit2.o(.ARM.Collect$$libinit$$00000011) for .ARM.Collect$$libinit$$00000011
    libinit2.o(.ARM.Collect$$libinit$$0000001A) refers to libinit2.o(.ARM.Collect$$libinit$$00000011) for .ARM.Collect$$libinit$$00000011
    libinit2.o(.ARM.Collect$$libinit$$00000028) refers to argv_veneer.o(.emb_text) for __ARM_argv_veneer
    libinit2.o(.ARM.Collect$$libinit$$00000029) refers to argv_veneer.o(.emb_text) for __ARM_argv_veneer
    rtexit2.o(.ARM.Collect$$rtexit$$00000003) refers to libshutdown.o(.ARM.Collect$$libshutdown$$00000000) for __rt_lib_shutdown
    rtexit2.o(.ARM.Collect$$rtexit$$00000004) refers to sys_exit.o(.text) for _sys_exit
    rtexit2.o(.ARM.exidx) refers to rtexit2.o(.ARM.Collect$$rtexit$$00000001) for .ARM.Collect$$rtexit$$00000001
    rtexit2.o(.ARM.exidx) refers to rtexit2.o(.ARM.Collect$$rtexit$$00000003) for .ARM.Collect$$rtexit$$00000003
    rtexit2.o(.ARM.exidx) refers to rtexit2.o(.ARM.Collect$$rtexit$$00000004) for .ARM.Collect$$rtexit$$00000004
    argv_veneer.o(.emb_text) refers to no_argv.o(.text) for __ARM_get_argv
    sys_exit.o(.text) refers (Special) to use_no_semi.o(.text) for __I$use$semihosting
    sys_exit.o(.text) refers (Special) to indicate_semi.o(.text) for __semihosting_library_function
    sys_exit_hlt.o(.text) refers (Special) to use_no_semi.o(.text) for __I$use$semihosting
    sys_exit_hlt.o(.text) refers (Special) to indicate_semi.o(.text) for __semihosting_library_function
    _get_argv_nomalloc.o(.text) refers (Special) to hrguard.o(.text) for __heap_region$guard
    _get_argv_nomalloc.o(.text) refers to defsig_rtmem_outer.o(.text) for __rt_SIGRTMEM
    _get_argv_nomalloc.o(.text) refers to sys_command.o(.text) for _sys_command_string
    libshutdown.o(.ARM.Collect$$libshutdown$$00000000) refers (Special) to libshutdown2.o(.ARM.Collect$$libshutdown$$00000002) for __rt_lib_shutdown_cpp_1
    libshutdown.o(.ARM.Collect$$libshutdown$$00000000) refers (Special) to libshutdown2.o(.ARM.Collect$$libshutdown$$00000007) for __rt_lib_shutdown_fp_trap_1
    libshutdown.o(.ARM.Collect$$libshutdown$$00000000) refers (Special) to libshutdown2.o(.ARM.Collect$$libshutdown$$0000000F) for __rt_lib_shutdown_heap_1
    libshutdown.o(.ARM.Collect$$libshutdown$$00000000) refers (Special) to libshutdown2.o(.ARM.Collect$$libshutdown$$00000010) for __rt_lib_shutdown_return
    libshutdown.o(.ARM.Collect$$libshutdown$$00000000) refers (Special) to libshutdown2.o(.ARM.Collect$$libshutdown$$0000000A) for __rt_lib_shutdown_signal_1
    libshutdown.o(.ARM.Collect$$libshutdown$$00000000) refers (Special) to libshutdown2.o(.ARM.Collect$$libshutdown$$00000004) for __rt_lib_shutdown_stdio_1
    libshutdown.o(.ARM.Collect$$libshutdown$$00000000) refers (Special) to libshutdown2.o(.ARM.Collect$$libshutdown$$0000000C) for __rt_lib_shutdown_user_alloc_1
    sys_command.o(.text) refers (Special) to use_no_semi.o(.text) for __I$use$semihosting
    sys_command.o(.text) refers (Special) to indicate_semi.o(.text) for __semihosting_library_function
    sys_command_hlt.o(.text) refers (Special) to use_no_semi.o(.text) for __I$use$semihosting
    sys_command_hlt.o(.text) refers (Special) to indicate_semi.o(.text) for __semihosting_library_function
    defsig_rtmem_outer.o(.text) refers to defsig_rtmem_inner.o(.text) for __rt_SIGRTMEM_inner
    defsig_rtmem_outer.o(.text) refers to defsig_exit.o(.text) for __sig_exit
    defsig_rtmem_formal.o(.text) refers to rt_raise.o(.text) for __rt_raise
    rt_raise.o(.text) refers to __raise.o(.text) for __raise
    rt_raise.o(.text) refers to sys_exit.o(.text) for _sys_exit
    defsig_exit.o(.text) refers to sys_exit.o(.text) for _sys_exit
    defsig_rtmem_inner.o(.text) refers to defsig_general.o(.text) for __default_signal_display
    __raise.o(.text) refers to defsig.o(CL$$defsig) for __default_signal_handler
    defsig_general.o(.text) refers to sys_wrch.o(.text) for _ttywrch
    sys_wrch.o(.text) refers (Special) to use_no_semi.o(.text) for __I$use$semihosting
    sys_wrch.o(.text) refers (Special) to indicate_semi.o(.text) for __semihosting_library_function
    sys_wrch_hlt.o(.text) refers (Special) to use_no_semi.o(.text) for __I$use$semihosting
    sys_wrch_hlt.o(.text) refers (Special) to indicate_semi.o(.text) for __semihosting_library_function
    defsig.o(CL$$defsig) refers to defsig_rtmem_inner.o(.text) for __rt_SIGRTMEM_inner
    defsig_abrt_inner.o(.text) refers to defsig_general.o(.text) for __default_signal_display
    defsig_fpe_inner.o(.text) refers to defsig_general.o(.text) for __default_signal_display
    defsig_rtred_inner.o(.text) refers to defsig_general.o(.text) for __default_signal_display
    defsig_stak_inner.o(.text) refers to defsig_general.o(.text) for __default_signal_display
    defsig_pvfn_inner.o(.text) refers to defsig_general.o(.text) for __default_signal_display
    defsig_cppl_inner.o(.text) refers to defsig_general.o(.text) for __default_signal_display
    defsig_segv_inner.o(.text) refers to defsig_general.o(.text) for __default_signal_display
    defsig_other.o(.text) refers to defsig_general.o(.text) for __default_signal_display


==============================================================================

Removing Unused input sections from the image.

    Removing main.o(.text), (0 bytes).
    Removing main.o(.ARM.exidx.text.PMOD_BTN_Handler), (8 bytes).
    Removing main.o(.ARM.exidx.text.main), (8 bytes).
    Removing main.o(.ARM.use_no_argv), (4 bytes).
    Removing gpio.o(.text), (0 bytes).
    Removing systick_delay.o(.text), (0 bytes).
    Removing systick_delay.o(.ARM.exidx.text.SysTick_Delay_Init), (8 bytes).
    Removing systick_delay.o(.ARM.exidx.text.SysTick_Delay1us), (8 bytes).
    Removing systick_delay.o(.text.SysTick_Delay1ms), (76 bytes).
    Removing systick_delay.o(.ARM.exidx.text.SysTick_Delay1ms), (8 bytes).
    Removing systick_delay.o(.ARM.exidx.text.SysTick_Handler), (8 bytes).
    Removing buzzer.o(.text), (0 bytes).
    Removing buzzer.o(.text.Buzzer_Init), (66 bytes).
    Removing buzzer.o(.ARM.exidx.text.Buzzer_Init), (8 bytes).
    Removing buzzer.o(.text.Buzzer_Output), (32 bytes).
    Removing buzzer.o(.ARM.exidx.text.Buzzer_Output), (8 bytes).
    Removing buzzer.o(.text.Play_Note), (144 bytes).
    Removing buzzer.o(.ARM.exidx.text.Play_Note), (8 bytes).
    Removing buzzer.o(.rodata.BUZZER_OFF), (1 bytes).
    Removing buzzer.o(.rodata.BUZZER_ON), (1 bytes).
    Removing buzzer.o(.rodata.C4_NOTE), (8 bytes).
    Removing buzzer.o(.rodata.D4_NOTE), (8 bytes).
    Removing buzzer.o(.rodata.E4_NOTE), (8 bytes).
    Removing buzzer.o(.rodata.F4_NOTE), (8 bytes).
    Removing buzzer.o(.rodata.G4_NOTE), (8 bytes).
    Removing buzzer.o(.rodata.A4_NOTE), (8 bytes).
    Removing buzzer.o(.rodata.B4_NOTE), (8 bytes).
    Removing buzzer.o(.rodata.C5_NOTE), (8 bytes).
    Removing timer_0a_interrupt.o(.text), (0 bytes).
    Removing timer_0a_interrupt.o(.text.Timer_0A_Interrupt_Init), (172 bytes).
    Removing timer_0a_interrupt.o(.ARM.exidx.text.Timer_0A_Interrupt_Init), (8 bytes).
    Removing timer_0a_interrupt.o(.ARM.exidx.text.TIMER0A_Handler), (8 bytes).
    Removing seven_segment_display.o(.text), (0 bytes).
    Removing seven_segment_display.o(.text.Seven_Segment_Display_Init), (228 bytes).
    Removing seven_segment_display.o(.ARM.exidx.text.Seven_Segment_Display_Init), (8 bytes).
    Removing seven_segment_display.o(.text.SSI2_Write), (78 bytes).
    Removing seven_segment_display.o(.ARM.exidx.text.SSI2_Write), (8 bytes).
    Removing seven_segment_display.o(.text.Count_Digits), (52 bytes).
    Removing seven_segment_display.o(.ARM.exidx.text.Count_Digits), (8 bytes).
    Removing seven_segment_display.o(.text.Seven_Segment_Display), (152 bytes).
    Removing seven_segment_display.o(.ARM.exidx.text.Seven_Segment_Display), (8 bytes).
    Removing seven_segment_display.o(.text.Seven_Segment_Display_Stopwatch), (114 bytes).
    Removing seven_segment_display.o(.ARM.exidx.text.Seven_Segment_Display_Stopwatch), (8 bytes).
    Removing seven_segment_display.o(.rodata.number_pattern), (16 bytes).
    Removing edubase_button_interrupt.o(.text), (0 bytes).
    Removing pmod_btn_interrupt.o(.text), (0 bytes).
    Removing pmod_btn_interrupt.o(.ARM.exidx.text.PMOD_BTN_Interrupt_Init), (8 bytes).
    Removing pmod_btn_interrupt.o(.ARM.exidx.text.PMOD_BTN_Read), (8 bytes).
    Removing pmod_btn_interrupt.o(.ARM.exidx.text.GPIOA_Handler), (8 bytes).
    Removing pwm_clock.o(.text), (0 bytes).
    Removing pwm_clock.o(.text.PWM_Clock_Init), (34 bytes).
    Removing pwm_clock.o(.ARM.exidx.text.PWM_Clock_Init), (8 bytes).
    Removing pwm0_0.o(.text), (0 bytes).
    Removing pwm0_0.o(.text.PWM0_0_Init), (224 bytes).
    Removing pwm0_0.o(.ARM.exidx.text.PWM0_0_Init), (8 bytes).
    Removing pwm0_0.o(.text.PWM0_0_Update_Duty_Cycle), (26 bytes).
    Removing pwm0_0.o(.ARM.exidx.text.PWM0_0_Update_Duty_Cycle), (8 bytes).
    Removing pwm1_3.o(.text), (0 bytes).
    Removing pwm1_3.o(.text.PWM1_3_Init), (224 bytes).
    Removing pwm1_3.o(.ARM.exidx.text.PWM1_3_Init), (8 bytes).
    Removing pwm1_3.o(.text.PWM1_3_Update_Duty_Cycle), (26 bytes).
    Removing pwm1_3.o(.ARM.exidx.text.PWM1_3_Update_Duty_Cycle), (8 bytes).
    Removing stepper_motor.o(.text), (0 bytes).
    Removing stepper_motor.o(.text.Stepper_Motor_Init), (138 bytes).
    Removing stepper_motor.o(.ARM.exidx.text.Stepper_Motor_Init), (8 bytes).
    Removing edubase_lcd.o(.text), (0 bytes).
    Removing edubase_lcd.o(.ARM.exidx.text.EduBase_LCD_Ports_Init), (8 bytes).
    Removing edubase_lcd.o(.ARM.exidx.text.EduBase_LCD_Pulse_Enable), (8 bytes).
    Removing edubase_lcd.o(.ARM.exidx.text.EduBase_LCD_Write_4_Bits), (8 bytes).
    Removing edubase_lcd.o(.ARM.exidx.text.EduBase_LCD_Send_Command), (8 bytes).
    Removing edubase_lcd.o(.ARM.exidx.text.EduBase_LCD_Send_Data), (8 bytes).
    Removing edubase_lcd.o(.ARM.exidx.text.EduBase_LCD_Init), (8 bytes).
    Removing edubase_lcd.o(.ARM.exidx.text.EduBase_LCD_Enable_Display), (8 bytes).
    Removing edubase_lcd.o(.ARM.exidx.text.EduBase_LCD_Clear_Display), (8 bytes).
    Removing edubase_lcd.o(.text.EduBase_LCD_Disable_Display), (30 bytes).
    Removing edubase_lcd.o(.ARM.exidx.text.EduBase_LCD_Disable_Display), (8 bytes).
    Removing edubase_lcd.o(.ARM.exidx.text.EduBase_LCD_Display_String), (8 bytes).
    Removing pmod_enc.o(.text), (0 bytes).
    Removing morsedecoder.o(.text), (0 bytes).
    Removing morsedecoder.o(.ARM.exidx.text.MorseDecoder_Decode), (8 bytes).
    Removing morsedecoder.o(.ARM.exidx.text.MorseDecoder_AddSymbol), (8 bytes).
    Removing morsedecoder.o(.text.MorseDecoder_Clear), (24 bytes).
    Removing morsedecoder.o(.ARM.exidx.text.MorseDecoder_Clear), (8 bytes).
    Removing system_tm4c123.o(.text), (0 bytes).
    Removing system_tm4c123.o(.text.SystemCoreClockUpdate), (326 bytes).
    Removing system_tm4c123.o(.ARM.exidx.text.SystemCoreClockUpdate), (8 bytes).
    Removing system_tm4c123.o(.text.getOscClk), (360 bytes).
    Removing system_tm4c123.o(.ARM.exidx.text.getOscClk), (8 bytes).
    Removing system_tm4c123.o(.ARM.exidx.text.SystemInit), (8 bytes).
    Removing system_tm4c123.o(.data.SystemCoreClock), (4 bytes).

90 unused section(s) (total 2944 bytes) removed from the image.

==============================================================================

Image Symbol Table

    Local Symbols

    Symbol Name                              Value     Ov Type        Size  Object(Section)

    ../clib/angel/boardlib.s                 0x00000000   Number         0  boardinit1.o ABSOLUTE
    ../clib/angel/boardlib.s                 0x00000000   Number         0  boardinit2.o ABSOLUTE
    ../clib/angel/boardlib.s                 0x00000000   Number         0  boardinit3.o ABSOLUTE
    ../clib/angel/boardlib.s                 0x00000000   Number         0  boardshut.o ABSOLUTE
    ../clib/angel/handlers.s                 0x00000000   Number         0  __scatter_copy.o ABSOLUTE
    ../clib/angel/handlers.s                 0x00000000   Number         0  __scatter_zi.o ABSOLUTE
    ../clib/angel/kernel.s                   0x00000000   Number         0  __rtentry.o ABSOLUTE
    ../clib/angel/kernel.s                   0x00000000   Number         0  __rtentry2.o ABSOLUTE
    ../clib/angel/kernel.s                   0x00000000   Number         0  __rtentry4.o ABSOLUTE
    ../clib/angel/kernel.s                   0x00000000   Number         0  rtexit.o ABSOLUTE
    ../clib/angel/kernel.s                   0x00000000   Number         0  rtexit2.o ABSOLUTE
    ../clib/angel/rt.s                       0x00000000   Number         0  rt_raise.o ABSOLUTE
    ../clib/angel/scatter.s                  0x00000000   Number         0  __scatter.o ABSOLUTE
    ../clib/angel/startup.s                  0x00000000   Number         0  __main.o ABSOLUTE
    ../clib/angel/sys.s                      0x00000000   Number         0  sys_stackheap_outer.o ABSOLUTE
    ../clib/angel/sys.s                      0x00000000   Number         0  libspace.o ABSOLUTE
    ../clib/angel/sys.s                      0x00000000   Number         0  use_no_semi.o ABSOLUTE
    ../clib/angel/sys.s                      0x00000000   Number         0  indicate_semi.o ABSOLUTE
    ../clib/angel/sysapp.c                   0x00000000   Number         0  sys_exit.o ABSOLUTE
    ../clib/angel/sysapp.c                   0x00000000   Number         0  sys_exit_hlt.o ABSOLUTE
    ../clib/angel/sysapp.c                   0x00000000   Number         0  sys_command.o ABSOLUTE
    ../clib/angel/sysapp.c                   0x00000000   Number         0  sys_command_hlt.o ABSOLUTE
    ../clib/angel/sysapp.c                   0x00000000   Number         0  sys_wrch.o ABSOLUTE
    ../clib/angel/sysapp.c                   0x00000000   Number         0  sys_wrch_hlt.o ABSOLUTE
    ../clib/armsys.c                         0x00000000   Number         0  argv_veneer.o ABSOLUTE
    ../clib/armsys.c                         0x00000000   Number         0  argv_veneer.o ABSOLUTE
    ../clib/armsys.c                         0x00000000   Number         0  _get_argv_nomalloc.o ABSOLUTE
    ../clib/armsys.c                         0x00000000   Number         0  no_argv.o ABSOLUTE
    ../clib/heapalloc.c                      0x00000000   Number         0  hrguard.o ABSOLUTE
    ../clib/heapaux.c                        0x00000000   Number         0  heapauxi.o ABSOLUTE
    ../clib/libinit.s                        0x00000000   Number         0  libinit.o ABSOLUTE
    ../clib/libinit.s                        0x00000000   Number         0  libinit2.o ABSOLUTE
    ../clib/libinit.s                        0x00000000   Number         0  libshutdown.o ABSOLUTE
    ../clib/libinit.s                        0x00000000   Number         0  libshutdown2.o ABSOLUTE
    ../clib/memcpset.s                       0x00000000   Number         0  strcmpv7em.o ABSOLUTE
    ../clib/signal.c                         0x00000000   Number         0  defsig_rtmem_outer.o ABSOLUTE
    ../clib/signal.c                         0x00000000   Number         0  defsig_rtmem_formal.o ABSOLUTE
    ../clib/signal.c                         0x00000000   Number         0  defsig_exit.o ABSOLUTE
    ../clib/signal.c                         0x00000000   Number         0  defsig_rtmem_inner.o ABSOLUTE
    ../clib/signal.c                         0x00000000   Number         0  __raise.o ABSOLUTE
    ../clib/signal.c                         0x00000000   Number         0  defsig_general.o ABSOLUTE
    ../clib/signal.c                         0x00000000   Number         0  defsig_abrt_inner.o ABSOLUTE
    ../clib/signal.c                         0x00000000   Number         0  defsig_fpe_inner.o ABSOLUTE
    ../clib/signal.c                         0x00000000   Number         0  defsig_rtred_inner.o ABSOLUTE
    ../clib/signal.c                         0x00000000   Number         0  defsig_stak_inner.o ABSOLUTE
    ../clib/signal.c                         0x00000000   Number         0  defsig_pvfn_inner.o ABSOLUTE
    ../clib/signal.c                         0x00000000   Number         0  defsig_cppl_inner.o ABSOLUTE
    ../clib/signal.c                         0x00000000   Number         0  defsig_segv_inner.o ABSOLUTE
    ../clib/signal.c                         0x00000000   Number         0  defsig_other.o ABSOLUTE
    ../clib/signal.s                         0x00000000   Number         0  defsig.o ABSOLUTE
    ../clib/stdlib.c                         0x00000000   Number         0  exit.o ABSOLUTE
    ../clib/string.c                         0x00000000   Number         0  strlen.o ABSOLUTE
    ../fplib/ddiv.s                          0x00000000   Number         0  ddiv.o ABSOLUTE
    ../fplib/dfix.s                          0x00000000   Number         0  dfix.o ABSOLUTE
    ../fplib/dmul.s                          0x00000000   Number         0  dmul.o ABSOLUTE
    ../fplib/dnaninf.s                       0x00000000   Number         0  dnaninf.o ABSOLUTE
    ../fplib/dretinf.s                       0x00000000   Number         0  dretinf.o ABSOLUTE
    ../fplib/fpinit.s                        0x00000000   Number         0  fpinit.o ABSOLUTE
    ../fplib/usenofp.s                       0x00000000   Number         0  usenofp.o ABSOLUTE
    Buzzer.c                                 0x00000000   Number         0  buzzer.o ABSOLUTE
    EduBase_Button_Interrupt.c               0x00000000   Number         0  edubase_button_interrupt.o ABSOLUTE
    EduBase_LCD.c                            0x00000000   Number         0  edubase_lcd.o ABSOLUTE
    GPIO.c                                   0x00000000   Number         0  gpio.o ABSOLUTE
    MorseDecoder.c                           0x00000000   Number         0  morsedecoder.o ABSOLUTE
    PMOD_BTN_Interrupt.c                     0x00000000   Number         0  pmod_btn_interrupt.o ABSOLUTE
    PMOD_ENC.c                               0x00000000   Number         0  pmod_enc.o ABSOLUTE
    PWM0_0.c                                 0x00000000   Number         0  pwm0_0.o ABSOLUTE
    PWM1_3.c                                 0x00000000   Number         0  pwm1_3.o ABSOLUTE
    PWM_Clock.c                              0x00000000   Number         0  pwm_clock.o ABSOLUTE
    RTE/Device/TM4C123GH6PM/startup_TM4C123.s 0x00000000   Number         0  startup_tm4c123.o ABSOLUTE
    Seven_Segment_Display.c                  0x00000000   Number         0  seven_segment_display.o ABSOLUTE
    Stepper_Motor.c                          0x00000000   Number         0  stepper_motor.o ABSOLUTE
    SysTick_Delay.c                          0x00000000   Number         0  systick_delay.o ABSOLUTE
    Timer_0A_Interrupt.c                     0x00000000   Number         0  timer_0a_interrupt.o ABSOLUTE
    dc.s                                     0x00000000   Number         0  dc.o ABSOLUTE
    main.c                                   0x00000000   Number         0  main.o ABSOLUTE
    system_TM4C123.c                         0x00000000   Number         0  system_tm4c123.o ABSOLUTE
    RESET                                    0x00000000   Section      620  startup_tm4c123.o(RESET)
    !!!main                                  0x0000026c   Section        8  __main.o(!!!main)
    !!!scatter                               0x00000274   Section       92  __scatter.o(!!!scatter)
    !!handler_copy                           0x000002d0   Section       26  __scatter_copy.o(!!handler_copy)
    !!handler_null                           0x000002ec   Section        2  __scatter.o(!!handler_null)
    !!handler_zi                             0x000002f0   Section       28  __scatter_zi.o(!!handler_zi)
    .ARM.Collect$$libinit$$00000000          0x0000030c   Section        2  libinit.o(.ARM.Collect$$libinit$$00000000)
    .ARM.Collect$$libinit$$00000001          0x0000030e   Section        4  libinit2.o(.ARM.Collect$$libinit$$00000001)
    .ARM.Collect$$libinit$$00000004          0x00000312   Section        0  libinit2.o(.ARM.Collect$$libinit$$00000004)
    .ARM.Collect$$libinit$$00000006          0x00000312   Section        0  libinit2.o(.ARM.Collect$$libinit$$00000006)
    .ARM.Collect$$libinit$$0000000C          0x00000312   Section        0  libinit2.o(.ARM.Collect$$libinit$$0000000C)
    .ARM.Collect$$libinit$$0000000E          0x00000312   Section        0  libinit2.o(.ARM.Collect$$libinit$$0000000E)
    .ARM.Collect$$libinit$$00000010          0x00000312   Section        0  libinit2.o(.ARM.Collect$$libinit$$00000010)
    .ARM.Collect$$libinit$$00000013          0x00000312   Section        0  libinit2.o(.ARM.Collect$$libinit$$00000013)
    .ARM.Collect$$libinit$$00000015          0x00000312   Section        0  libinit2.o(.ARM.Collect$$libinit$$00000015)
    .ARM.Collect$$libinit$$00000017          0x00000312   Section        0  libinit2.o(.ARM.Collect$$libinit$$00000017)
    .ARM.Collect$$libinit$$00000019          0x00000312   Section        0  libinit2.o(.ARM.Collect$$libinit$$00000019)
    .ARM.Collect$$libinit$$0000001B          0x00000312   Section        0  libinit2.o(.ARM.Collect$$libinit$$0000001B)
    .ARM.Collect$$libinit$$0000001D          0x00000312   Section        0  libinit2.o(.ARM.Collect$$libinit$$0000001D)
    .ARM.Collect$$libinit$$0000001F          0x00000312   Section        0  libinit2.o(.ARM.Collect$$libinit$$0000001F)
    .ARM.Collect$$libinit$$00000021          0x00000312   Section        0  libinit2.o(.ARM.Collect$$libinit$$00000021)
    .ARM.Collect$$libinit$$00000023          0x00000312   Section        0  libinit2.o(.ARM.Collect$$libinit$$00000023)
    .ARM.Collect$$libinit$$00000025          0x00000312   Section        0  libinit2.o(.ARM.Collect$$libinit$$00000025)
    .ARM.Collect$$libinit$$00000027          0x00000312   Section        0  libinit2.o(.ARM.Collect$$libinit$$00000027)
    .ARM.Collect$$libinit$$0000002E          0x00000312   Section        0  libinit2.o(.ARM.Collect$$libinit$$0000002E)
    .ARM.Collect$$libinit$$00000030          0x00000312   Section        0  libinit2.o(.ARM.Collect$$libinit$$00000030)
    .ARM.Collect$$libinit$$00000032          0x00000312   Section        0  libinit2.o(.ARM.Collect$$libinit$$00000032)
    .ARM.Collect$$libinit$$00000034          0x00000312   Section        0  libinit2.o(.ARM.Collect$$libinit$$00000034)
    .ARM.Collect$$libinit$$00000035          0x00000312   Section        2  libinit2.o(.ARM.Collect$$libinit$$00000035)
    .ARM.Collect$$libshutdown$$00000000      0x00000314   Section        2  libshutdown.o(.ARM.Collect$$libshutdown$$00000000)
    .ARM.Collect$$libshutdown$$00000002      0x00000316   Section        0  libshutdown2.o(.ARM.Collect$$libshutdown$$00000002)
    .ARM.Collect$$libshutdown$$00000004      0x00000316   Section        0  libshutdown2.o(.ARM.Collect$$libshutdown$$00000004)
    .ARM.Collect$$libshutdown$$00000007      0x00000316   Section        0  libshutdown2.o(.ARM.Collect$$libshutdown$$00000007)
    .ARM.Collect$$libshutdown$$0000000A      0x00000316   Section        0  libshutdown2.o(.ARM.Collect$$libshutdown$$0000000A)
    .ARM.Collect$$libshutdown$$0000000C      0x00000316   Section        0  libshutdown2.o(.ARM.Collect$$libshutdown$$0000000C)
    .ARM.Collect$$libshutdown$$0000000F      0x00000316   Section        0  libshutdown2.o(.ARM.Collect$$libshutdown$$0000000F)
    .ARM.Collect$$libshutdown$$00000010      0x00000316   Section        2  libshutdown2.o(.ARM.Collect$$libshutdown$$00000010)
    .ARM.Collect$$rtentry$$00000000          0x00000318   Section        0  __rtentry.o(.ARM.Collect$$rtentry$$00000000)
    .ARM.Collect$$rtentry$$00000002          0x00000318   Section        0  __rtentry2.o(.ARM.Collect$$rtentry$$00000002)
    .ARM.Collect$$rtentry$$00000004          0x00000318   Section        6  __rtentry4.o(.ARM.Collect$$rtentry$$00000004)
    .ARM.Collect$$rtentry$$00000009          0x0000031e   Section        0  __rtentry2.o(.ARM.Collect$$rtentry$$00000009)
    .ARM.Collect$$rtentry$$0000000A          0x0000031e   Section        4  __rtentry2.o(.ARM.Collect$$rtentry$$0000000A)
    .ARM.Collect$$rtentry$$0000000C          0x00000322   Section        0  __rtentry2.o(.ARM.Collect$$rtentry$$0000000C)
    .ARM.Collect$$rtentry$$0000000D          0x00000322   Section        8  __rtentry2.o(.ARM.Collect$$rtentry$$0000000D)
    .ARM.Collect$$rtexit$$00000000           0x0000032a   Section        2  rtexit.o(.ARM.Collect$$rtexit$$00000000)
    .ARM.Collect$$rtexit$$00000002           0x0000032c   Section        0  rtexit2.o(.ARM.Collect$$rtexit$$00000002)
    .ARM.Collect$$rtexit$$00000003           0x0000032c   Section        4  rtexit2.o(.ARM.Collect$$rtexit$$00000003)
    .ARM.Collect$$rtexit$$00000004           0x00000330   Section        6  rtexit2.o(.ARM.Collect$$rtexit$$00000004)
    $v0                                      0x00000338   Number         0  startup_tm4c123.o(.text)
    .text                                    0x00000338   Section      280  startup_tm4c123.o(.text)
    .text                                    0x00000450   Section        0  strlen.o(.text)
    .text                                    0x00000490   Section      124  strcmpv7em.o(.text)
    .text                                    0x0000050c   Section        0  heapauxi.o(.text)
    .text                                    0x00000512   Section       74  sys_stackheap_outer.o(.text)
    .text                                    0x0000055c   Section        0  exit.o(.text)
    .text                                    0x00000570   Section        8  libspace.o(.text)
    .text                                    0x00000578   Section        0  sys_exit.o(.text)
    .text                                    0x00000584   Section        2  use_no_semi.o(.text)
    .text                                    0x00000586   Section        0  indicate_semi.o(.text)
    [Anonymous Symbol]                       0x00000588   Section        0  edubase_lcd.o(.text.EduBase_LCD_Clear_Display)
    [Anonymous Symbol]                       0x00000594   Section        0  edubase_lcd.o(.text.EduBase_LCD_Display_String)
    [Anonymous Symbol]                       0x000005cc   Section        0  edubase_lcd.o(.text.EduBase_LCD_Enable_Display)
    [Anonymous Symbol]                       0x000005ec   Section        0  edubase_lcd.o(.text.EduBase_LCD_Init)
    [Anonymous Symbol]                       0x00000648   Section        0  edubase_lcd.o(.text.EduBase_LCD_Ports_Init)
    [Anonymous Symbol]                       0x0000072c   Section        0  edubase_lcd.o(.text.EduBase_LCD_Pulse_Enable)
    [Anonymous Symbol]                       0x00000768   Section        0  edubase_lcd.o(.text.EduBase_LCD_Send_Command)
    [Anonymous Symbol]                       0x000007b0   Section        0  edubase_lcd.o(.text.EduBase_LCD_Send_Data)
    [Anonymous Symbol]                       0x000007dc   Section        0  edubase_lcd.o(.text.EduBase_LCD_Write_4_Bits)
    [Anonymous Symbol]                       0x00000850   Section        0  pmod_btn_interrupt.o(.text.GPIOA_Handler)
    [Anonymous Symbol]                       0x00000890   Section        0  morsedecoder.o(.text.MorseDecoder_AddSymbol)
    [Anonymous Symbol]                       0x000008c8   Section        0  morsedecoder.o(.text.MorseDecoder_Decode)
    [Anonymous Symbol]                       0x00000950   Section        0  main.o(.text.PMOD_BTN_Handler)
    [Anonymous Symbol]                       0x000009e0   Section        0  pmod_btn_interrupt.o(.text.PMOD_BTN_Interrupt_Init)
    [Anonymous Symbol]                       0x00000abc   Section        0  pmod_btn_interrupt.o(.text.PMOD_BTN_Read)
    [Anonymous Symbol]                       0x00000ad8   Section        0  systick_delay.o(.text.SysTick_Delay1us)
    [Anonymous Symbol]                       0x00000b04   Section        0  systick_delay.o(.text.SysTick_Delay_Init)
    [Anonymous Symbol]                       0x00000b30   Section        0  systick_delay.o(.text.SysTick_Handler)
    [Anonymous Symbol]                       0x00000b78   Section        0  system_tm4c123.o(.text.SystemInit)
    [Anonymous Symbol]                       0x00000c84   Section        0  timer_0a_interrupt.o(.text.TIMER0A_Handler)
    [Anonymous Symbol]                       0x00000cb4   Section        0  main.o(.text.main)
    $v0                                      0x00000ce4   Number         0  fpinit.o(x$fpl$fpinit)
    x$fpl$fpinit                             0x00000ce4   Section       26  fpinit.o(x$fpl$fpinit)
    .L.str                                   0x00000d22   Data          20  main.o(.rodata.str1.1)
    [Anonymous Symbol]                       0x00000d22   Section        0  main.o(.rodata.str1.1)
    [Anonymous Symbol]                       0x00000d36   Section        0  morsedecoder.o(.rodata.str1.1)
    .bss                                     0x20000090   Section       96  libspace.o(.bss)
    display_control                          0x200000f8   Data           1  edubase_lcd.o(.bss.display_control)
    [Anonymous Symbol]                       0x200000f8   Section        0  edubase_lcd.o(.bss.display_control)
    last_press_time                          0x200000fc   Data           4  main.o(.bss.last_press_time)
    [Anonymous Symbol]                       0x200000fc   Section        0  main.o(.bss.last_press_time)
    morse_index                              0x20000100   Data           1  morsedecoder.o(.bss.morse_index)
    [Anonymous Symbol]                       0x20000100   Section        0  morsedecoder.o(.bss.morse_index)
    morse_input                              0x20000101   Data          10  morsedecoder.o(.bss.morse_input)
    [Anonymous Symbol]                       0x20000101   Section        0  morsedecoder.o(.bss.morse_input)
    ms_active                                0x2000010b   Data           1  systick_delay.o(.bss.ms_active)
    [Anonymous Symbol]                       0x2000010b   Section        0  systick_delay.o(.bss.ms_active)
    ms_elapsed                               0x2000010c   Data           4  systick_delay.o(.bss.ms_elapsed)
    [Anonymous Symbol]                       0x2000010c   Section        0  systick_delay.o(.bss.ms_elapsed)
    us_elapsed                               0x20000110   Data           4  systick_delay.o(.bss.us_elapsed)
    [Anonymous Symbol]                       0x20000110   Section        0  systick_delay.o(.bss.us_elapsed)
    Heap_Mem                                 0x20000118   Data        1024  startup_tm4c123.o(HEAP)
    HEAP                                     0x20000118   Section     1024  startup_tm4c123.o(HEAP)
    Stack_Mem                                0x20000518   Data        2048  startup_tm4c123.o(STACK)
    STACK                                    0x20000518   Section     2048  startup_tm4c123.o(STACK)
    __initial_sp                             0x20000d18   Data           0  startup_tm4c123.o(STACK)

    Global Symbols

    Symbol Name                              Value     Ov Type        Size  Object(Section)

    BuildAttributes$$THM_ISAv4$E$P$D$K$B$S$7EM$VFPi3$EXTD16$VFPS$VFMA$PE$A:L22UL41UL21$X:L11$S22US41US21$IEEE1$IW$~IW$USESV6$~STKCKD$USESV7$~SHL$OSPACE$ROPI$EBA8$UX$STANDARDLIB$REQ8$PRES8$EABIv2 0x00000000   Number         0  anon$$obj.o ABSOLUTE
    __Vectors                                0x00000000   Data           4  startup_tm4c123.o(RESET)
    __ARM_exceptions_init                     - Undefined Weak Reference
    __alloca_initialize                       - Undefined Weak Reference
    __arm_preinit_                            - Undefined Weak Reference
    __arm_relocate_pie_                       - Undefined Weak Reference
    __cpp_initialize__aeabi_                  - Undefined Weak Reference
    __cxa_finalize                            - Undefined Weak Reference
    __rt_locale                               - Undefined Weak Reference
    __sigvec_lookup                           - Undefined Weak Reference
    _atexit_init                              - Undefined Weak Reference
    _call_atexit_fns                          - Undefined Weak Reference
    _clock_init                               - Undefined Weak Reference
    _fp_trap_init                             - Undefined Weak Reference
    _fp_trap_shutdown                         - Undefined Weak Reference
    _get_lc_collate                           - Undefined Weak Reference
    _get_lc_ctype                             - Undefined Weak Reference
    _get_lc_monetary                          - Undefined Weak Reference
    _get_lc_numeric                           - Undefined Weak Reference
    _get_lc_time                              - Undefined Weak Reference
    _getenv_init                              - Undefined Weak Reference
    _handle_redirection                       - Undefined Weak Reference
    _init_alloc                               - Undefined Weak Reference
    _init_user_alloc                          - Undefined Weak Reference
    _initio                                   - Undefined Weak Reference
    _rand_init                                - Undefined Weak Reference
    _signal_finish                            - Undefined Weak Reference
    _signal_init                              - Undefined Weak Reference
    _terminate_alloc                          - Undefined Weak Reference
    _terminate_user_alloc                     - Undefined Weak Reference
    _terminateio                              - Undefined Weak Reference
    __Vectors_End                            0x0000026c   Data           0  startup_tm4c123.o(RESET)
    __Vectors_Size                           0x0000026c   Number         0  startup_tm4c123.o ABSOLUTE
    __main                                   0x0000026d   Thumb Code     8  __main.o(!!!main)
    __scatterload                            0x00000275   Thumb Code     0  __scatter.o(!!!scatter)
    __scatterload_rt2                        0x00000275   Thumb Code    84  __scatter.o(!!!scatter)
    __scatterload_rt2_thumb_only             0x00000275   Thumb Code     0  __scatter.o(!!!scatter)
    __scatterload_loop                       0x0000027f   Thumb Code     0  __scatter.o(!!!scatter)
    __scatterload_copy                       0x000002d1   Thumb Code    26  __scatter_copy.o(!!handler_copy)
    __scatterload_null                       0x000002ed   Thumb Code     2  __scatter.o(!!handler_null)
    __scatterload_zeroinit                   0x000002f1   Thumb Code    28  __scatter_zi.o(!!handler_zi)
    __rt_lib_init                            0x0000030d   Thumb Code     0  libinit.o(.ARM.Collect$$libinit$$00000000)
    __rt_lib_init_fp_1                       0x0000030f   Thumb Code     0  libinit2.o(.ARM.Collect$$libinit$$00000001)
    __rt_lib_init_alloca_1                   0x00000313   Thumb Code     0  libinit2.o(.ARM.Collect$$libinit$$00000030)
    __rt_lib_init_argv_1                     0x00000313   Thumb Code     0  libinit2.o(.ARM.Collect$$libinit$$0000002E)
    __rt_lib_init_atexit_1                   0x00000313   Thumb Code     0  libinit2.o(.ARM.Collect$$libinit$$0000001D)
    __rt_lib_init_clock_1                    0x00000313   Thumb Code     0  libinit2.o(.ARM.Collect$$libinit$$00000023)
    __rt_lib_init_cpp_1                      0x00000313   Thumb Code     0  libinit2.o(.ARM.Collect$$libinit$$00000034)
    __rt_lib_init_exceptions_1               0x00000313   Thumb Code     0  libinit2.o(.ARM.Collect$$libinit$$00000032)
    __rt_lib_init_fp_trap_1                  0x00000313   Thumb Code     0  libinit2.o(.ARM.Collect$$libinit$$00000021)
    __rt_lib_init_getenv_1                   0x00000313   Thumb Code     0  libinit2.o(.ARM.Collect$$libinit$$00000025)
    __rt_lib_init_heap_1                     0x00000313   Thumb Code     0  libinit2.o(.ARM.Collect$$libinit$$0000000C)
    __rt_lib_init_lc_collate_1               0x00000313   Thumb Code     0  libinit2.o(.ARM.Collect$$libinit$$00000013)
    __rt_lib_init_lc_ctype_1                 0x00000313   Thumb Code     0  libinit2.o(.ARM.Collect$$libinit$$00000015)
    __rt_lib_init_lc_monetary_1              0x00000313   Thumb Code     0  libinit2.o(.ARM.Collect$$libinit$$00000017)
    __rt_lib_init_lc_numeric_1               0x00000313   Thumb Code     0  libinit2.o(.ARM.Collect$$libinit$$00000019)
    __rt_lib_init_lc_time_1                  0x00000313   Thumb Code     0  libinit2.o(.ARM.Collect$$libinit$$0000001B)
    __rt_lib_init_preinit_1                  0x00000313   Thumb Code     0  libinit2.o(.ARM.Collect$$libinit$$00000006)
    __rt_lib_init_rand_1                     0x00000313   Thumb Code     0  libinit2.o(.ARM.Collect$$libinit$$00000010)
    __rt_lib_init_relocate_pie_1             0x00000313   Thumb Code     0  libinit2.o(.ARM.Collect$$libinit$$00000004)
    __rt_lib_init_return                     0x00000313   Thumb Code     0  libinit2.o(.ARM.Collect$$libinit$$00000035)
    __rt_lib_init_signal_1                   0x00000313   Thumb Code     0  libinit2.o(.ARM.Collect$$libinit$$0000001F)
    __rt_lib_init_stdio_1                    0x00000313   Thumb Code     0  libinit2.o(.ARM.Collect$$libinit$$00000027)
    __rt_lib_init_user_alloc_1               0x00000313   Thumb Code     0  libinit2.o(.ARM.Collect$$libinit$$0000000E)
    __rt_lib_shutdown                        0x00000315   Thumb Code     0  libshutdown.o(.ARM.Collect$$libshutdown$$00000000)
    __rt_lib_shutdown_cpp_1                  0x00000317   Thumb Code     0  libshutdown2.o(.ARM.Collect$$libshutdown$$00000002)
    __rt_lib_shutdown_fp_trap_1              0x00000317   Thumb Code     0  libshutdown2.o(.ARM.Collect$$libshutdown$$00000007)
    __rt_lib_shutdown_heap_1                 0x00000317   Thumb Code     0  libshutdown2.o(.ARM.Collect$$libshutdown$$0000000F)
    __rt_lib_shutdown_return                 0x00000317   Thumb Code     0  libshutdown2.o(.ARM.Collect$$libshutdown$$00000010)
    __rt_lib_shutdown_signal_1               0x00000317   Thumb Code     0  libshutdown2.o(.ARM.Collect$$libshutdown$$0000000A)
    __rt_lib_shutdown_stdio_1                0x00000317   Thumb Code     0  libshutdown2.o(.ARM.Collect$$libshutdown$$00000004)
    __rt_lib_shutdown_user_alloc_1           0x00000317   Thumb Code     0  libshutdown2.o(.ARM.Collect$$libshutdown$$0000000C)
    __rt_entry                               0x00000319   Thumb Code     0  __rtentry.o(.ARM.Collect$$rtentry$$00000000)
    __rt_entry_presh_1                       0x00000319   Thumb Code     0  __rtentry2.o(.ARM.Collect$$rtentry$$00000002)
    __rt_entry_sh                            0x00000319   Thumb Code     0  __rtentry4.o(.ARM.Collect$$rtentry$$00000004)
    __rt_entry_li                            0x0000031f   Thumb Code     0  __rtentry2.o(.ARM.Collect$$rtentry$$0000000A)
    __rt_entry_postsh_1                      0x0000031f   Thumb Code     0  __rtentry2.o(.ARM.Collect$$rtentry$$00000009)
    __rt_entry_main                          0x00000323   Thumb Code     0  __rtentry2.o(.ARM.Collect$$rtentry$$0000000D)
    __rt_entry_postli_1                      0x00000323   Thumb Code     0  __rtentry2.o(.ARM.Collect$$rtentry$$0000000C)
    __rt_exit                                0x0000032b   Thumb Code     0  rtexit.o(.ARM.Collect$$rtexit$$00000000)
    __rt_exit_ls                             0x0000032d   Thumb Code     0  rtexit2.o(.ARM.Collect$$rtexit$$00000003)
    __rt_exit_prels_1                        0x0000032d   Thumb Code     0  rtexit2.o(.ARM.Collect$$rtexit$$00000002)
    __rt_exit_exit                           0x00000331   Thumb Code     0  rtexit2.o(.ARM.Collect$$rtexit$$00000004)
    Reset_Handler                            0x00000339   Thumb Code     8  startup_tm4c123.o(.text)
    NMI_Handler                              0x00000341   Thumb Code     2  startup_tm4c123.o(.text)
    HardFault_Handler                        0x00000343   Thumb Code     2  startup_tm4c123.o(.text)
    MemManage_Handler                        0x00000345   Thumb Code     2  startup_tm4c123.o(.text)
    BusFault_Handler                         0x00000347   Thumb Code     2  startup_tm4c123.o(.text)
    UsageFault_Handler                       0x00000349   Thumb Code     2  startup_tm4c123.o(.text)
    SVC_Handler                              0x0000034b   Thumb Code     2  startup_tm4c123.o(.text)
    DebugMon_Handler                         0x0000034d   Thumb Code     2  startup_tm4c123.o(.text)
    PendSV_Handler                           0x0000034f   Thumb Code     2  startup_tm4c123.o(.text)
    GPIOB_Handler                            0x00000355   Thumb Code     2  startup_tm4c123.o(.text)
    GPIOC_Handler                            0x00000357   Thumb Code     2  startup_tm4c123.o(.text)
    GPIOD_Handler                            0x00000359   Thumb Code     2  startup_tm4c123.o(.text)
    GPIOE_Handler                            0x0000035b   Thumb Code     2  startup_tm4c123.o(.text)
    UART0_Handler                            0x0000035d   Thumb Code     2  startup_tm4c123.o(.text)
    UART1_Handler                            0x0000035f   Thumb Code     2  startup_tm4c123.o(.text)
    SSI0_Handler                             0x00000361   Thumb Code     2  startup_tm4c123.o(.text)
    I2C0_Handler                             0x00000363   Thumb Code     2  startup_tm4c123.o(.text)
    PMW0_FAULT_Handler                       0x00000365   Thumb Code     2  startup_tm4c123.o(.text)
    PWM0_0_Handler                           0x00000367   Thumb Code     2  startup_tm4c123.o(.text)
    PWM0_1_Handler                           0x00000369   Thumb Code     2  startup_tm4c123.o(.text)
    PWM0_2_Handler                           0x0000036b   Thumb Code     2  startup_tm4c123.o(.text)
    QEI0_Handler                             0x0000036d   Thumb Code     2  startup_tm4c123.o(.text)
    ADC0SS0_Handler                          0x0000036f   Thumb Code     2  startup_tm4c123.o(.text)
    ADC0SS1_Handler                          0x00000371   Thumb Code     2  startup_tm4c123.o(.text)
    ADC0SS2_Handler                          0x00000373   Thumb Code     2  startup_tm4c123.o(.text)
    ADC0SS3_Handler                          0x00000375   Thumb Code     2  startup_tm4c123.o(.text)
    WDT0_Handler                             0x00000377   Thumb Code     2  startup_tm4c123.o(.text)
    TIMER0B_Handler                          0x0000037b   Thumb Code     2  startup_tm4c123.o(.text)
    TIMER1A_Handler                          0x0000037d   Thumb Code     2  startup_tm4c123.o(.text)
    TIMER1B_Handler                          0x0000037f   Thumb Code     2  startup_tm4c123.o(.text)
    TIMER2A_Handler                          0x00000381   Thumb Code     2  startup_tm4c123.o(.text)
    TIMER2B_Handler                          0x00000383   Thumb Code     2  startup_tm4c123.o(.text)
    COMP0_Handler                            0x00000385   Thumb Code     2  startup_tm4c123.o(.text)
    COMP1_Handler                            0x00000387   Thumb Code     2  startup_tm4c123.o(.text)
    COMP2_Handler                            0x00000389   Thumb Code     2  startup_tm4c123.o(.text)
    SYSCTL_Handler                           0x0000038b   Thumb Code     2  startup_tm4c123.o(.text)
    FLASH_Handler                            0x0000038d   Thumb Code     2  startup_tm4c123.o(.text)
    GPIOF_Handler                            0x0000038f   Thumb Code     2  startup_tm4c123.o(.text)
    GPIOG_Handler                            0x00000391   Thumb Code     2  startup_tm4c123.o(.text)
    GPIOH_Handler                            0x00000393   Thumb Code     2  startup_tm4c123.o(.text)
    UART2_Handler                            0x00000395   Thumb Code     2  startup_tm4c123.o(.text)
    SSI1_Handler                             0x00000397   Thumb Code     2  startup_tm4c123.o(.text)
    TIMER3A_Handler                          0x00000399   Thumb Code     2  startup_tm4c123.o(.text)
    TIMER3B_Handler                          0x0000039b   Thumb Code     2  startup_tm4c123.o(.text)
    I2C1_Handler                             0x0000039d   Thumb Code     2  startup_tm4c123.o(.text)
    QEI1_Handler                             0x0000039f   Thumb Code     2  startup_tm4c123.o(.text)
    CAN0_Handler                             0x000003a1   Thumb Code     2  startup_tm4c123.o(.text)
    CAN1_Handler                             0x000003a3   Thumb Code     2  startup_tm4c123.o(.text)
    CAN2_Handler                             0x000003a5   Thumb Code     2  startup_tm4c123.o(.text)
    HIB_Handler                              0x000003a7   Thumb Code     2  startup_tm4c123.o(.text)
    USB0_Handler                             0x000003a9   Thumb Code     2  startup_tm4c123.o(.text)
    PWM0_3_Handler                           0x000003ab   Thumb Code     2  startup_tm4c123.o(.text)
    UDMA_Handler                             0x000003ad   Thumb Code     2  startup_tm4c123.o(.text)
    UDMAERR_Handler                          0x000003af   Thumb Code     2  startup_tm4c123.o(.text)
    ADC1SS0_Handler                          0x000003b1   Thumb Code     2  startup_tm4c123.o(.text)
    ADC1SS1_Handler                          0x000003b3   Thumb Code     2  startup_tm4c123.o(.text)
    ADC1SS2_Handler                          0x000003b5   Thumb Code     2  startup_tm4c123.o(.text)
    ADC1SS3_Handler                          0x000003b7   Thumb Code     2  startup_tm4c123.o(.text)
    GPIOJ_Handler                            0x000003b9   Thumb Code     2  startup_tm4c123.o(.text)
    GPIOK_Handler                            0x000003bb   Thumb Code     2  startup_tm4c123.o(.text)
    GPIOL_Handler                            0x000003bd   Thumb Code     2  startup_tm4c123.o(.text)
    SSI2_Handler                             0x000003bf   Thumb Code     2  startup_tm4c123.o(.text)
    SSI3_Handler                             0x000003c1   Thumb Code     2  startup_tm4c123.o(.text)
    UART3_Handler                            0x000003c3   Thumb Code     2  startup_tm4c123.o(.text)
    UART4_Handler                            0x000003c5   Thumb Code     2  startup_tm4c123.o(.text)
    UART5_Handler                            0x000003c7   Thumb Code     2  startup_tm4c123.o(.text)
    UART6_Handler                            0x000003c9   Thumb Code     2  startup_tm4c123.o(.text)
    UART7_Handler                            0x000003cb   Thumb Code     2  startup_tm4c123.o(.text)
    I2C2_Handler                             0x000003cd   Thumb Code     2  startup_tm4c123.o(.text)
    I2C3_Handler                             0x000003cf   Thumb Code     2  startup_tm4c123.o(.text)
    TIMER4A_Handler                          0x000003d1   Thumb Code     2  startup_tm4c123.o(.text)
    TIMER4B_Handler                          0x000003d3   Thumb Code     2  startup_tm4c123.o(.text)
    TIMER5A_Handler                          0x000003d5   Thumb Code     2  startup_tm4c123.o(.text)
    TIMER5B_Handler                          0x000003d7   Thumb Code     2  startup_tm4c123.o(.text)
    WTIMER0A_Handler                         0x000003d9   Thumb Code     2  startup_tm4c123.o(.text)
    WTIMER0B_Handler                         0x000003db   Thumb Code     2  startup_tm4c123.o(.text)
    WTIMER1A_Handler                         0x000003dd   Thumb Code     2  startup_tm4c123.o(.text)
    WTIMER1B_Handler                         0x000003df   Thumb Code     2  startup_tm4c123.o(.text)
    WTIMER2A_Handler                         0x000003e1   Thumb Code     2  startup_tm4c123.o(.text)
    WTIMER2B_Handler                         0x000003e3   Thumb Code     2  startup_tm4c123.o(.text)
    WTIMER3A_Handler                         0x000003e5   Thumb Code     2  startup_tm4c123.o(.text)
    WTIMER3B_Handler                         0x000003e7   Thumb Code     2  startup_tm4c123.o(.text)
    WTIMER4A_Handler                         0x000003e9   Thumb Code     2  startup_tm4c123.o(.text)
    WTIMER4B_Handler                         0x000003eb   Thumb Code     2  startup_tm4c123.o(.text)
    WTIMER5A_Handler                         0x000003ed   Thumb Code     2  startup_tm4c123.o(.text)
    WTIMER5B_Handler                         0x000003ef   Thumb Code     2  startup_tm4c123.o(.text)
    FPU_Handler                              0x000003f1   Thumb Code     2  startup_tm4c123.o(.text)
    I2C4_Handler                             0x000003f3   Thumb Code     2  startup_tm4c123.o(.text)
    I2C5_Handler                             0x000003f5   Thumb Code     2  startup_tm4c123.o(.text)
    GPIOM_Handler                            0x000003f7   Thumb Code     2  startup_tm4c123.o(.text)
    GPION_Handler                            0x000003f9   Thumb Code     2  startup_tm4c123.o(.text)
    QEI2_Handler                             0x000003fb   Thumb Code     2  startup_tm4c123.o(.text)
    GPIOP0_Handler                           0x000003fd   Thumb Code     2  startup_tm4c123.o(.text)
    GPIOP1_Handler                           0x000003ff   Thumb Code     2  startup_tm4c123.o(.text)
    GPIOP2_Handler                           0x00000401   Thumb Code     2  startup_tm4c123.o(.text)
    GPIOP3_Handler                           0x00000403   Thumb Code     2  startup_tm4c123.o(.text)
    GPIOP4_Handler                           0x00000405   Thumb Code     2  startup_tm4c123.o(.text)
    GPIOP5_Handler                           0x00000407   Thumb Code     2  startup_tm4c123.o(.text)
    GPIOP6_Handler                           0x00000409   Thumb Code     2  startup_tm4c123.o(.text)
    GPIOP7_Handler                           0x0000040b   Thumb Code     2  startup_tm4c123.o(.text)
    GPIOQ0_Handler                           0x0000040d   Thumb Code     2  startup_tm4c123.o(.text)
    GPIOQ1_Handler                           0x0000040f   Thumb Code     2  startup_tm4c123.o(.text)
    GPIOQ2_Handler                           0x00000411   Thumb Code     2  startup_tm4c123.o(.text)
    GPIOQ3_Handler                           0x00000413   Thumb Code     2  startup_tm4c123.o(.text)
    GPIOQ4_Handler                           0x00000415   Thumb Code     2  startup_tm4c123.o(.text)
    GPIOQ5_Handler                           0x00000417   Thumb Code     2  startup_tm4c123.o(.text)
    GPIOQ6_Handler                           0x00000419   Thumb Code     2  startup_tm4c123.o(.text)
    GPIOQ7_Handler                           0x0000041b   Thumb Code     2  startup_tm4c123.o(.text)
    GPIOR_Handler                            0x0000041d   Thumb Code     2  startup_tm4c123.o(.text)
    GPIOS_Handler                            0x0000041f   Thumb Code     2  startup_tm4c123.o(.text)
    PMW1_0_Handler                           0x00000421   Thumb Code     2  startup_tm4c123.o(.text)
    PWM1_1_Handler                           0x00000423   Thumb Code     2  startup_tm4c123.o(.text)
    PWM1_2_Handler                           0x00000425   Thumb Code     2  startup_tm4c123.o(.text)
    PWM1_3_Handler                           0x00000427   Thumb Code     2  startup_tm4c123.o(.text)
    PWM1_FAULT_Handler                       0x00000429   Thumb Code     2  startup_tm4c123.o(.text)
    __user_initial_stackheap                 0x0000042d   Thumb Code     0  startup_tm4c123.o(.text)
    strlen                                   0x00000451   Thumb Code    62  strlen.o(.text)
    strcmp                                   0x00000491   Thumb Code   124  strcmpv7em.o(.text)
    __use_two_region_memory                  0x0000050d   Thumb Code     2  heapauxi.o(.text)
    __rt_heap_escrow$2region                 0x0000050f   Thumb Code     2  heapauxi.o(.text)
    __rt_heap_expand$2region                 0x00000511   Thumb Code     2  heapauxi.o(.text)
    __user_setup_stackheap                   0x00000513   Thumb Code    74  sys_stackheap_outer.o(.text)
    exit                                     0x0000055d   Thumb Code    18  exit.o(.text)
    __user_libspace                          0x00000571   Thumb Code     8  libspace.o(.text)
    __user_perproc_libspace                  0x00000571   Thumb Code     0  libspace.o(.text)
    __user_perthread_libspace                0x00000571   Thumb Code     0  libspace.o(.text)
    _sys_exit                                0x00000579   Thumb Code     8  sys_exit.o(.text)
    __I$use$semihosting                      0x00000585   Thumb Code     0  use_no_semi.o(.text)
    __use_no_semihosting_swi                 0x00000585   Thumb Code     2  use_no_semi.o(.text)
    __semihosting_library_function           0x00000587   Thumb Code     0  indicate_semi.o(.text)
    EduBase_LCD_Clear_Display                0x00000589   Thumb Code    10  edubase_lcd.o(.text.EduBase_LCD_Clear_Display)
    EduBase_LCD_Display_String               0x00000595   Thumb Code    56  edubase_lcd.o(.text.EduBase_LCD_Display_String)
    EduBase_LCD_Enable_Display               0x000005cd   Thumb Code    30  edubase_lcd.o(.text.EduBase_LCD_Enable_Display)
    EduBase_LCD_Init                         0x000005ed   Thumb Code    92  edubase_lcd.o(.text.EduBase_LCD_Init)
    EduBase_LCD_Ports_Init                   0x00000649   Thumb Code   226  edubase_lcd.o(.text.EduBase_LCD_Ports_Init)
    EduBase_LCD_Pulse_Enable                 0x0000072d   Thumb Code    60  edubase_lcd.o(.text.EduBase_LCD_Pulse_Enable)
    EduBase_LCD_Send_Command                 0x00000769   Thumb Code    70  edubase_lcd.o(.text.EduBase_LCD_Send_Command)
    EduBase_LCD_Send_Data                    0x000007b1   Thumb Code    42  edubase_lcd.o(.text.EduBase_LCD_Send_Data)
    EduBase_LCD_Write_4_Bits                 0x000007dd   Thumb Code   114  edubase_lcd.o(.text.EduBase_LCD_Write_4_Bits)
    GPIOA_Handler                            0x00000851   Thumb Code    64  pmod_btn_interrupt.o(.text.GPIOA_Handler)
    MorseDecoder_AddSymbol                   0x00000891   Thumb Code    56  morsedecoder.o(.text.MorseDecoder_AddSymbol)
    MorseDecoder_Decode                      0x000008c9   Thumb Code   136  morsedecoder.o(.text.MorseDecoder_Decode)
    PMOD_BTN_Handler                         0x00000951   Thumb Code   144  main.o(.text.PMOD_BTN_Handler)
    PMOD_BTN_Interrupt_Init                  0x000009e1   Thumb Code   220  pmod_btn_interrupt.o(.text.PMOD_BTN_Interrupt_Init)
    PMOD_BTN_Read                            0x00000abd   Thumb Code    28  pmod_btn_interrupt.o(.text.PMOD_BTN_Read)
    SysTick_Delay1us                         0x00000ad9   Thumb Code    42  systick_delay.o(.text.SysTick_Delay1us)
    SysTick_Delay_Init                       0x00000b05   Thumb Code    42  systick_delay.o(.text.SysTick_Delay_Init)
    SysTick_Handler                          0x00000b31   Thumb Code    70  systick_delay.o(.text.SysTick_Handler)
    SystemInit                               0x00000b79   Thumb Code   268  system_tm4c123.o(.text.SystemInit)
    TIMER0A_Handler                          0x00000c85   Thumb Code    46  timer_0a_interrupt.o(.text.TIMER0A_Handler)
    main                                     0x00000cb5   Thumb Code    48  main.o(.text.main)
    _fp_init                                 0x00000ce5   Thumb Code    26  fpinit.o(x$fpl$fpinit)
    __fplib_config_fpu_vfp                   0x00000cfd   Thumb Code     0  fpinit.o(x$fpl$fpinit)
    __fplib_config_pureend_doubles           0x00000cfd   Thumb Code     0  fpinit.o(x$fpl$fpinit)
    char_table                               0x00000cfe   Data          36  morsedecoder.o(.rodata.char_table)
    Region$$Table$$Base                      0x00000d98   Number         0  anon$$obj.o(Region$$Table)
    Region$$Table$$Limit                     0x00000db8   Number         0  anon$$obj.o(Region$$Table)
    morse_table                              0x20000000   Data         144  morsedecoder.o(.data.morse_table)
    __libspace_start                         0x20000090   Data          96  libspace.o(.bss)
    PMOD_BTN_Task                            0x200000f0   Data           4  pmod_btn_interrupt.o(.bss.PMOD_BTN_Task)
    __temporary_stack_top$libspace           0x200000f0   Data           0  libspace.o(.bss)
    Timer_0A_Task                            0x200000f4   Data           4  timer_0a_interrupt.o(.bss.Timer_0A_Task)



==============================================================================

Memory Map of the image

  Image Entry point : 0x00000339

  Load Region LR_1 (Base: 0x00000000, Size: 0x00000e48, Max: 0xffffffff, ABSOLUTE)

    Execution Region ER_RO (Exec base: 0x00000000, Load base: 0x00000000, Size: 0x00000db8, Max: 0xffffffff, ABSOLUTE)

    Exec Addr    Load Addr    Size         Type   Attr      Idx    E Section Name        Object

    0x00000000   0x00000000   0x0000026c   Data   RO          189    RESET               startup_tm4c123.o
    0x0000026c   0x0000026c   0x00000008   Code   RO          218  * !!!main             c_w.l(__main.o)
    0x00000274   0x00000274   0x0000005c   Code   RO          398    !!!scatter          c_w.l(__scatter.o)
    0x000002d0   0x000002d0   0x0000001a   Code   RO          402    !!handler_copy      c_w.l(__scatter_copy.o)
    0x000002ea   0x000002ea   0x00000002   PAD
    0x000002ec   0x000002ec   0x00000002   Code   RO          399    !!handler_null      c_w.l(__scatter.o)
    0x000002ee   0x000002ee   0x00000002   PAD
    0x000002f0   0x000002f0   0x0000001c   Code   RO          404    !!handler_zi        c_w.l(__scatter_zi.o)
    0x0000030c   0x0000030c   0x00000002   Code   RO          260    .ARM.Collect$$libinit$$00000000  c_w.l(libinit.o)
    0x0000030e   0x0000030e   0x00000004   Code   RO          266    .ARM.Collect$$libinit$$00000001  c_w.l(libinit2.o)
    0x00000312   0x00000312   0x00000000   Code   RO          269    .ARM.Collect$$libinit$$00000004  c_w.l(libinit2.o)
    0x00000312   0x00000312   0x00000000   Code   RO          271    .ARM.Collect$$libinit$$00000006  c_w.l(libinit2.o)
    0x00000312   0x00000312   0x00000000   Code   RO          274    .ARM.Collect$$libinit$$0000000C  c_w.l(libinit2.o)
    0x00000312   0x00000312   0x00000000   Code   RO          276    .ARM.Collect$$libinit$$0000000E  c_w.l(libinit2.o)
    0x00000312   0x00000312   0x00000000   Code   RO          278    .ARM.Collect$$libinit$$00000010  c_w.l(libinit2.o)
    0x00000312   0x00000312   0x00000000   Code   RO          281    .ARM.Collect$$libinit$$00000013  c_w.l(libinit2.o)
    0x00000312   0x00000312   0x00000000   Code   RO          283    .ARM.Collect$$libinit$$00000015  c_w.l(libinit2.o)
    0x00000312   0x00000312   0x00000000   Code   RO          285    .ARM.Collect$$libinit$$00000017  c_w.l(libinit2.o)
    0x00000312   0x00000312   0x00000000   Code   RO          287    .ARM.Collect$$libinit$$00000019  c_w.l(libinit2.o)
    0x00000312   0x00000312   0x00000000   Code   RO          289    .ARM.Collect$$libinit$$0000001B  c_w.l(libinit2.o)
    0x00000312   0x00000312   0x00000000   Code   RO          291    .ARM.Collect$$libinit$$0000001D  c_w.l(libinit2.o)
    0x00000312   0x00000312   0x00000000   Code   RO          293    .ARM.Collect$$libinit$$0000001F  c_w.l(libinit2.o)
    0x00000312   0x00000312   0x00000000   Code   RO          295    .ARM.Collect$$libinit$$00000021  c_w.l(libinit2.o)
    0x00000312   0x00000312   0x00000000   Code   RO          297    .ARM.Collect$$libinit$$00000023  c_w.l(libinit2.o)
    0x00000312   0x00000312   0x00000000   Code   RO          299    .ARM.Collect$$libinit$$00000025  c_w.l(libinit2.o)
    0x00000312   0x00000312   0x00000000   Code   RO          301    .ARM.Collect$$libinit$$00000027  c_w.l(libinit2.o)
    0x00000312   0x00000312   0x00000000   Code   RO          305    .ARM.Collect$$libinit$$0000002E  c_w.l(libinit2.o)
    0x00000312   0x00000312   0x00000000   Code   RO          307    .ARM.Collect$$libinit$$00000030  c_w.l(libinit2.o)
    0x00000312   0x00000312   0x00000000   Code   RO          309    .ARM.Collect$$libinit$$00000032  c_w.l(libinit2.o)
    0x00000312   0x00000312   0x00000000   Code   RO          311    .ARM.Collect$$libinit$$00000034  c_w.l(libinit2.o)
    0x00000312   0x00000312   0x00000002   Code   RO          312    .ARM.Collect$$libinit$$00000035  c_w.l(libinit2.o)
    0x00000314   0x00000314   0x00000002   Code   RO          334    .ARM.Collect$$libshutdown$$00000000  c_w.l(libshutdown.o)
    0x00000316   0x00000316   0x00000000   Code   RO          349    .ARM.Collect$$libshutdown$$00000002  c_w.l(libshutdown2.o)
    0x00000316   0x00000316   0x00000000   Code   RO          351    .ARM.Collect$$libshutdown$$00000004  c_w.l(libshutdown2.o)
    0x00000316   0x00000316   0x00000000   Code   RO          354    .ARM.Collect$$libshutdown$$00000007  c_w.l(libshutdown2.o)
    0x00000316   0x00000316   0x00000000   Code   RO          357    .ARM.Collect$$libshutdown$$0000000A  c_w.l(libshutdown2.o)
    0x00000316   0x00000316   0x00000000   Code   RO          359    .ARM.Collect$$libshutdown$$0000000C  c_w.l(libshutdown2.o)
    0x00000316   0x00000316   0x00000000   Code   RO          362    .ARM.Collect$$libshutdown$$0000000F  c_w.l(libshutdown2.o)
    0x00000316   0x00000316   0x00000002   Code   RO          363    .ARM.Collect$$libshutdown$$00000010  c_w.l(libshutdown2.o)
    0x00000318   0x00000318   0x00000000   Code   RO          230    .ARM.Collect$$rtentry$$00000000  c_w.l(__rtentry.o)
    0x00000318   0x00000318   0x00000000   Code   RO          237    .ARM.Collect$$rtentry$$00000002  c_w.l(__rtentry2.o)
    0x00000318   0x00000318   0x00000006   Code   RO          249    .ARM.Collect$$rtentry$$00000004  c_w.l(__rtentry4.o)
    0x0000031e   0x0000031e   0x00000000   Code   RO          239    .ARM.Collect$$rtentry$$00000009  c_w.l(__rtentry2.o)
    0x0000031e   0x0000031e   0x00000004   Code   RO          240    .ARM.Collect$$rtentry$$0000000A  c_w.l(__rtentry2.o)
    0x00000322   0x00000322   0x00000000   Code   RO          242    .ARM.Collect$$rtentry$$0000000C  c_w.l(__rtentry2.o)
    0x00000322   0x00000322   0x00000008   Code   RO          243    .ARM.Collect$$rtentry$$0000000D  c_w.l(__rtentry2.o)
    0x0000032a   0x0000032a   0x00000002   Code   RO          264    .ARM.Collect$$rtexit$$00000000  c_w.l(rtexit.o)
    0x0000032c   0x0000032c   0x00000000   Code   RO          314    .ARM.Collect$$rtexit$$00000002  c_w.l(rtexit2.o)
    0x0000032c   0x0000032c   0x00000004   Code   RO          315    .ARM.Collect$$rtexit$$00000003  c_w.l(rtexit2.o)
    0x00000330   0x00000330   0x00000006   Code   RO          316    .ARM.Collect$$rtexit$$00000004  c_w.l(rtexit2.o)
    0x00000336   0x00000336   0x00000002   PAD
    0x00000338   0x00000338   0x00000118   Code   RO          190  * .text               startup_tm4c123.o
    0x00000450   0x00000450   0x0000003e   Code   RO          212    .text               c_w.l(strlen.o)
    0x0000048e   0x0000048e   0x00000002   PAD
    0x00000490   0x00000490   0x0000007c   Code   RO          214    .text               c_w.l(strcmpv7em.o)
    0x0000050c   0x0000050c   0x00000006   Code   RO          216    .text               c_w.l(heapauxi.o)
    0x00000512   0x00000512   0x0000004a   Code   RO          251    .text               c_w.l(sys_stackheap_outer.o)
    0x0000055c   0x0000055c   0x00000012   Code   RO          253    .text               c_w.l(exit.o)
    0x0000056e   0x0000056e   0x00000002   PAD
    0x00000570   0x00000570   0x00000008   Code   RO          261    .text               c_w.l(libspace.o)
    0x00000578   0x00000578   0x0000000c   Code   RO          324    .text               c_w.l(sys_exit.o)
    0x00000584   0x00000584   0x00000002   Code   RO          339    .text               c_w.l(use_no_semi.o)
    0x00000586   0x00000586   0x00000000   Code   RO          341    .text               c_w.l(indicate_semi.o)
    0x00000586   0x00000586   0x00000002   PAD
    0x00000588   0x00000588   0x0000000a   Code   RO          155    .text.EduBase_LCD_Clear_Display  edubase_lcd.o
    0x00000592   0x00000592   0x00000002   PAD
    0x00000594   0x00000594   0x00000038   Code   RO          159    .text.EduBase_LCD_Display_String  edubase_lcd.o
    0x000005cc   0x000005cc   0x0000001e   Code   RO          153    .text.EduBase_LCD_Enable_Display  edubase_lcd.o
    0x000005ea   0x000005ea   0x00000002   PAD
    0x000005ec   0x000005ec   0x0000005c   Code   RO          151    .text.EduBase_LCD_Init  edubase_lcd.o
    0x00000648   0x00000648   0x000000e2   Code   RO          141    .text.EduBase_LCD_Ports_Init  edubase_lcd.o
    0x0000072a   0x0000072a   0x00000002   PAD
    0x0000072c   0x0000072c   0x0000003c   Code   RO          143    .text.EduBase_LCD_Pulse_Enable  edubase_lcd.o
    0x00000768   0x00000768   0x00000046   Code   RO          147    .text.EduBase_LCD_Send_Command  edubase_lcd.o
    0x000007ae   0x000007ae   0x00000002   PAD
    0x000007b0   0x000007b0   0x0000002a   Code   RO          149    .text.EduBase_LCD_Send_Data  edubase_lcd.o
    0x000007da   0x000007da   0x00000002   PAD
    0x000007dc   0x000007dc   0x00000072   Code   RO          145    .text.EduBase_LCD_Write_4_Bits  edubase_lcd.o
    0x0000084e   0x0000084e   0x00000002   PAD
    0x00000850   0x00000850   0x00000040   Code   RO           93    .text.GPIOA_Handler  pmod_btn_interrupt.o
    0x00000890   0x00000890   0x00000038   Code   RO          172    .text.MorseDecoder_AddSymbol  morsedecoder.o
    0x000008c8   0x000008c8   0x00000088   Code   RO          170    .text.MorseDecoder_Decode  morsedecoder.o
    0x00000950   0x00000950   0x00000090   Code   RO            2    .text.PMOD_BTN_Handler  main.o
    0x000009e0   0x000009e0   0x000000dc   Code   RO           89    .text.PMOD_BTN_Interrupt_Init  pmod_btn_interrupt.o
    0x00000abc   0x00000abc   0x0000001c   Code   RO           91    .text.PMOD_BTN_Read  pmod_btn_interrupt.o
    0x00000ad8   0x00000ad8   0x0000002a   Code   RO           19    .text.SysTick_Delay1us  systick_delay.o
    0x00000b02   0x00000b02   0x00000002   PAD
    0x00000b04   0x00000b04   0x0000002a   Code   RO           17    .text.SysTick_Delay_Init  systick_delay.o
    0x00000b2e   0x00000b2e   0x00000002   PAD
    0x00000b30   0x00000b30   0x00000046   Code   RO           23    .text.SysTick_Handler  systick_delay.o
    0x00000b76   0x00000b76   0x00000002   PAD
    0x00000b78   0x00000b78   0x0000010c   Code   RO          201    .text.SystemInit    system_tm4c123.o
    0x00000c84   0x00000c84   0x0000002e   Code   RO           60    .text.TIMER0A_Handler  timer_0a_interrupt.o
    0x00000cb2   0x00000cb2   0x00000002   PAD
    0x00000cb4   0x00000cb4   0x00000030   Code   RO            4    .text.main          main.o
    0x00000ce4   0x00000ce4   0x0000001a   Code   RO          322    x$fpl$fpinit        fz_wm.l(fpinit.o)
    0x00000cfe   0x00000cfe   0x00000024   Data   RO          178    .rodata.char_table  morsedecoder.o
    0x00000d22   0x00000d22   0x00000014   Data   RO            7    .rodata.str1.1      main.o
    0x00000d36   0x00000d36   0x0000005f   Data   RO          176    .rodata.str1.1      morsedecoder.o
    0x00000d95   0x00000d95   0x00000003   PAD
    0x00000d98   0x00000d98   0x00000020   Data   RO          397    Region$$Table       anon$$obj.o


    Execution Region ER_RW (Exec base: 0x20000000, Load base: 0x00000db8, Size: 0x00000090, Max: 0xffffffff, ABSOLUTE)

    Exec Addr    Load Addr    Size         Type   Attr      Idx    E Section Name        Object

    0x20000000   0x00000db8   0x00000090   Data   RW          177    .data.morse_table   morsedecoder.o


    Execution Region ER_ZI (Exec base: 0x20000090, Load base: 0x00000e48, Size: 0x00000c88, Max: 0xffffffff, ABSOLUTE)

    Exec Addr    Load Addr    Size         Type   Attr      Idx    E Section Name        Object

    0x20000090        -       0x00000060   Zero   RW          262    .bss                c_w.l(libspace.o)
    0x200000f0        -       0x00000004   Zero   RW           95    .bss.PMOD_BTN_Task  pmod_btn_interrupt.o
    0x200000f4        -       0x00000004   Zero   RW           62    .bss.Timer_0A_Task  timer_0a_interrupt.o
    0x200000f8        -       0x00000001   Zero   RW          161    .bss.display_control  edubase_lcd.o
    0x200000f9   0x00000e48   0x00000003   PAD
    0x200000fc        -       0x00000004   Zero   RW            6    .bss.last_press_time  main.o
    0x20000100        -       0x00000001   Zero   RW          180    .bss.morse_index    morsedecoder.o
    0x20000101        -       0x0000000a   Zero   RW          179    .bss.morse_input    morsedecoder.o
    0x2000010b        -       0x00000001   Zero   RW           27    .bss.ms_active      systick_delay.o
    0x2000010c        -       0x00000004   Zero   RW           26    .bss.ms_elapsed     systick_delay.o
    0x20000110        -       0x00000004   Zero   RW           25    .bss.us_elapsed     systick_delay.o
    0x20000114   0x00000e48   0x00000004   PAD
    0x20000118        -       0x00000400   Zero   RW          188    HEAP                startup_tm4c123.o
    0x20000518        -       0x00000800   Zero   RW          187    STACK               startup_tm4c123.o


==============================================================================

Image component sizes


      Code (inc. data)   RO Data    RW Data    ZI Data      Debug   Object Name

       700          0          0          0          1       7622   edubase_lcd.o
       192         30         20          0          4       1384   main.o
       192          0        131        144         11       1799   morsedecoder.o
       312          0          0          0          4       6499   pmod_btn_interrupt.o
       280         28        620          0       3072       5524   startup_tm4c123.o
       268          0          0          0          0       6870   system_tm4c123.o
       154          0          0          0          9       1396   systick_delay.o
        46          0          0          0          4       6328   timer_0a_interrupt.o

    ----------------------------------------------------------------------
      2164         58        806        144       3112      37422   Object Totals
         0          0         32          0          0          0   (incl. Generated)
        20          0          3          0          7          0   (incl. Padding)

    ----------------------------------------------------------------------

      Code (inc. data)   RO Data    RW Data    ZI Data      Debug   Library Member Name

         8          0          0          0          0         68   __main.o
         0          0          0          0          0          0   __rtentry.o
        12          0          0          0          0          0   __rtentry2.o
         6          0          0          0          0          0   __rtentry4.o
        94          8          0          0          0          0   __scatter.o
        26          0          0          0          0          0   __scatter_copy.o
        28          0          0          0          0          0   __scatter_zi.o
        18          0          0          0          0         80   exit.o
         6          0          0          0          0        152   heapauxi.o
         0          0          0          0          0          0   indicate_semi.o
         2          0          0          0          0          0   libinit.o
         6          0          0          0          0          0   libinit2.o
         2          0          0          0          0          0   libshutdown.o
         2          0          0          0          0          0   libshutdown2.o
         8          4          0          0         96         68   libspace.o
         2          0          0          0          0          0   rtexit.o
        10          0          0          0          0          0   rtexit2.o
       124          0          0          0          0         88   strcmpv7em.o
        62          0          0          0          0         76   strlen.o
        12          4          0          0          0         68   sys_exit.o
        74          0          0          0          0         80   sys_stackheap_outer.o
         2          0          0          0          0         68   use_no_semi.o
        26          0          0          0          0        116   fpinit.o

    ----------------------------------------------------------------------
       542         16          0          0         96        864   Library Totals
        12          0          0          0          0          0   (incl. Padding)

    ----------------------------------------------------------------------

      Code (inc. data)   RO Data    RW Data    ZI Data      Debug   Library Name

       504         16          0          0         96        748   c_w.l
        26          0          0          0          0        116   fz_wm.l

    ----------------------------------------------------------------------
       542         16          0          0         96        864   Library Totals

    ----------------------------------------------------------------------

==============================================================================


      Code (inc. data)   RO Data    RW Data    ZI Data      Debug   

      2706         74        806        144       3208      37974   Grand Totals
      2706         74        806        144       3208      37974   ELF Image Totals
      2706         74        806        144          0          0   ROM Totals

==============================================================================

    Total RO  Size (Code + RO Data)                 3512 (   3.43kB)
    Total RW  Size (RW Data + ZI Data)              3352 (   3.27kB)
    Total ROM Size (Code + RO Data + RW Data)       3656 (   3.57kB)

==============================================================================

